<testsuites id="" name="" tests="35" failures="35" skipped="0" errors="0" time="96.083175">
<testsuite name="forms-fixed.spec.ts" timestamp="2025-09-14T23:47:18.398Z" hostname="chromium" tests="7" failures="7" skipped="0" time="176.823" errors="0">
<testcase name="Form Testing - Fixed Selectors and Timeouts › 1. Index.tsx - Homepage Forms › Hero Section Form - Complete Flow" classname="forms-fixed.spec.ts" time="19.644">
<failure message="forms-fixed.spec.ts:86:5 Hero Section Form - Complete Flow" type="FAILURE">
<![CDATA[  [chromium] › forms-fixed.spec.ts:86:5 › Form Testing - Fixed Selectors and Timeouts › 1. Index.tsx - Homepage Forms › Hero Section Form - Complete Flow 

    Error: expect(locator).toBeVisible() failed

    Locator:  locator('[role="option"][data-value="professional-services"]').or(locator('[role="option"]').filter({ hasText: 'professional-services' })).first()
    Expected: visible
    Received: <element(s) not found>
    Timeout:  5000ms

    Call log:
      - Expect "toBeVisible" with timeout 5000ms
      - waiting for locator('[role="option"][data-value="professional-services"]').or(locator('[role="option"]').filter({ hasText: 'professional-services' })).first()


      27 |   // Select the option
      28 |   const option = page.locator(`[role="option"][data-value="${value}"]`).or(page.locator(`[role="option"]`).filter({ hasText: value }));
    > 29 |   await expect(option.first()).toBeVisible({ timeout: 5000 });
         |                                ^
      30 |   await option.first().click();
      31 |   
      32 |   console.log(`Successfully selected business type: ${value}`);
        at selectBusinessType (/root/dev/joel-hinton-website/tests/forms-fixed.spec.ts:29:32)
        at fillForm (/root/dev/joel-hinton-website/tests/forms-fixed.spec.ts:62:3)
        at /root/dev/joel-hinton-website/tests/forms-fixed.spec.ts:127:7

    attachment #1: screenshot (image/png) ──────────────────────────────────────────────────────────
    ../test-results/forms-fixed-Form-Testing---cf115-ection-Form---Complete-Flow-chromium/test-failed-1.png
    ────────────────────────────────────────────────────────────────────────────────────────────────

    attachment #2: video (video/webm) ──────────────────────────────────────────────────────────────
    ../test-results/forms-fixed-Form-Testing---cf115-ection-Form---Complete-Flow-chromium/video.webm
    ────────────────────────────────────────────────────────────────────────────────────────────────

    Error Context: ../test-results/forms-fixed-Form-Testing---cf115-ection-Form---Complete-Flow-chromium/error-context.md

    Retry #1 ───────────────────────────────────────────────────────────────────────────────────────

    Error: expect(locator).toBeVisible() failed

    Locator:  locator('[role="option"][data-value="professional-services"]').or(locator('[role="option"]').filter({ hasText: 'professional-services' })).first()
    Expected: visible
    Received: <element(s) not found>
    Timeout:  5000ms

    Call log:
      - Expect "toBeVisible" with timeout 5000ms
      - waiting for locator('[role="option"][data-value="professional-services"]').or(locator('[role="option"]').filter({ hasText: 'professional-services' })).first()


      27 |   // Select the option
      28 |   const option = page.locator(`[role="option"][data-value="${value}"]`).or(page.locator(`[role="option"]`).filter({ hasText: value }));
    > 29 |   await expect(option.first()).toBeVisible({ timeout: 5000 });
         |                                ^
      30 |   await option.first().click();
      31 |   
      32 |   console.log(`Successfully selected business type: ${value}`);
        at selectBusinessType (/root/dev/joel-hinton-website/tests/forms-fixed.spec.ts:29:32)
        at fillForm (/root/dev/joel-hinton-website/tests/forms-fixed.spec.ts:62:3)
        at /root/dev/joel-hinton-website/tests/forms-fixed.spec.ts:127:7

    attachment #1: screenshot (image/png) ──────────────────────────────────────────────────────────
    ../test-results/forms-fixed-Form-Testing---cf115-ection-Form---Complete-Flow-chromium-retry1/test-failed-1.png
    ────────────────────────────────────────────────────────────────────────────────────────────────

    attachment #2: video (video/webm) ──────────────────────────────────────────────────────────────
    ../test-results/forms-fixed-Form-Testing---cf115-ection-Form---Complete-Flow-chromium-retry1/video.webm
    ────────────────────────────────────────────────────────────────────────────────────────────────

    Error Context: ../test-results/forms-fixed-Form-Testing---cf115-ection-Form---Complete-Flow-chromium-retry1/error-context.md

    attachment #4: trace (application/zip) ─────────────────────────────────────────────────────────
    ../test-results/forms-fixed-Form-Testing---cf115-ection-Form---Complete-Flow-chromium-retry1/trace.zip
    Usage:

        npx playwright show-trace ../test-results/forms-fixed-Form-Testing---cf115-ection-Form---Complete-Flow-chromium-retry1/trace.zip

    ────────────────────────────────────────────────────────────────────────────────────────────────
]]>
</failure>
<system-out>
<![CDATA[Testing Hero Section Form...
Clicking hero button...
Waiting for dialog to open...
Testing form validation...
Filling hero form...
Starting form fill process...
Filling name field...
Filling email field...
Filling phone field...
Selecting business type...
Attempting to select business type: professional-services

[[ATTACHMENT|forms-fixed-Form-Testing---cf115-ection-Form---Complete-Flow-chromium/test-failed-1.png]]

[[ATTACHMENT|forms-fixed-Form-Testing---cf115-ection-Form---Complete-Flow-chromium/video.webm]]

[[ATTACHMENT|forms-fixed-Form-Testing---cf115-ection-Form---Complete-Flow-chromium/error-context.md]]
Testing Hero Section Form...
Clicking hero button...
Waiting for dialog to open...
Testing form validation...
Filling hero form...
Starting form fill process...
Filling name field...
Filling email field...
Filling phone field...
Selecting business type...
Attempting to select business type: professional-services

[[ATTACHMENT|forms-fixed-Form-Testing---cf115-ection-Form---Complete-Flow-chromium-retry1/test-failed-1.png]]

[[ATTACHMENT|forms-fixed-Form-Testing---cf115-ection-Form---Complete-Flow-chromium-retry1/video.webm]]

[[ATTACHMENT|forms-fixed-Form-Testing---cf115-ection-Form---Complete-Flow-chromium-retry1/error-context.md]]

[[ATTACHMENT|forms-fixed-Form-Testing---cf115-ection-Form---Complete-Flow-chromium-retry1/trace.zip]]
]]>
</system-out>
</testcase>
<testcase name="Form Testing - Fixed Selectors and Timeouts › 1. Index.tsx - Homepage Forms › ContactDialog Form on Homepage" classname="forms-fixed.spec.ts" time="26.346">
<failure message="forms-fixed.spec.ts:151:5 ContactDialog Form on Homepage" type="FAILURE">
<![CDATA[  [chromium] › forms-fixed.spec.ts:151:5 › Form Testing - Fixed Selectors and Timeouts › 1. Index.tsx - Homepage Forms › ContactDialog Form on Homepage 

    Error: expect(locator).toBeVisible() failed

    Locator:  locator('button').filter({ hasText: /Contact|Get.*Started|Schedule/ }).last()
    Expected: visible
    Received: <element(s) not found>
    Timeout:  10000ms

    Call log:
      - Expect "toBeVisible" with timeout 10000ms
      - waiting for locator('button').filter({ hasText: /Contact|Get.*Started|Schedule/ }).last()


      172 |       }
      173 |       
    > 174 |       await expect(contactButton).toBeVisible({ timeout: 10000 });
          |                                   ^
      175 |       console.log('Clicking contact dialog button...');
      176 |       await contactButton.click();
      177 |       
        at /root/dev/joel-hinton-website/tests/forms-fixed.spec.ts:174:35

    attachment #1: screenshot (image/png) ──────────────────────────────────────────────────────────
    ../test-results/forms-fixed-Form-Testing---75fe0-tactDialog-Form-on-Homepage-chromium/test-failed-1.png
    ────────────────────────────────────────────────────────────────────────────────────────────────

    attachment #2: video (video/webm) ──────────────────────────────────────────────────────────────
    ../test-results/forms-fixed-Form-Testing---75fe0-tactDialog-Form-on-Homepage-chromium/video.webm
    ────────────────────────────────────────────────────────────────────────────────────────────────

    Error Context: ../test-results/forms-fixed-Form-Testing---75fe0-tactDialog-Form-on-Homepage-chromium/error-context.md

    Retry #1 ───────────────────────────────────────────────────────────────────────────────────────

    Error: expect(locator).toBeVisible() failed

    Locator:  locator('button').filter({ hasText: /Contact|Get.*Started|Schedule/ }).last()
    Expected: visible
    Received: <element(s) not found>
    Timeout:  10000ms

    Call log:
      - Expect "toBeVisible" with timeout 10000ms
      - waiting for locator('button').filter({ hasText: /Contact|Get.*Started|Schedule/ }).last()


      172 |       }
      173 |       
    > 174 |       await expect(contactButton).toBeVisible({ timeout: 10000 });
          |                                   ^
      175 |       console.log('Clicking contact dialog button...');
      176 |       await contactButton.click();
      177 |       
        at /root/dev/joel-hinton-website/tests/forms-fixed.spec.ts:174:35

    attachment #1: screenshot (image/png) ──────────────────────────────────────────────────────────
    ../test-results/forms-fixed-Form-Testing---75fe0-tactDialog-Form-on-Homepage-chromium-retry1/test-failed-1.png
    ────────────────────────────────────────────────────────────────────────────────────────────────

    attachment #2: video (video/webm) ──────────────────────────────────────────────────────────────
    ../test-results/forms-fixed-Form-Testing---75fe0-tactDialog-Form-on-Homepage-chromium-retry1/video.webm
    ────────────────────────────────────────────────────────────────────────────────────────────────

    Error Context: ../test-results/forms-fixed-Form-Testing---75fe0-tactDialog-Form-on-Homepage-chromium-retry1/error-context.md

    attachment #4: trace (application/zip) ─────────────────────────────────────────────────────────
    ../test-results/forms-fixed-Form-Testing---75fe0-tactDialog-Form-on-Homepage-chromium-retry1/trace.zip
    Usage:

        npx playwright show-trace ../test-results/forms-fixed-Form-Testing---75fe0-tactDialog-Form-on-Homepage-chromium-retry1/trace.zip

    ────────────────────────────────────────────────────────────────────────────────────────────────
]]>
</failure>
<system-out>
<![CDATA[Testing ContactDialog on Homepage...

[[ATTACHMENT|forms-fixed-Form-Testing---75fe0-tactDialog-Form-on-Homepage-chromium/test-failed-1.png]]

[[ATTACHMENT|forms-fixed-Form-Testing---75fe0-tactDialog-Form-on-Homepage-chromium/video.webm]]

[[ATTACHMENT|forms-fixed-Form-Testing---75fe0-tactDialog-Form-on-Homepage-chromium/error-context.md]]
Testing ContactDialog on Homepage...

[[ATTACHMENT|forms-fixed-Form-Testing---75fe0-tactDialog-Form-on-Homepage-chromium-retry1/test-failed-1.png]]

[[ATTACHMENT|forms-fixed-Form-Testing---75fe0-tactDialog-Form-on-Homepage-chromium-retry1/video.webm]]

[[ATTACHMENT|forms-fixed-Form-Testing---75fe0-tactDialog-Form-on-Homepage-chromium-retry1/error-context.md]]

[[ATTACHMENT|forms-fixed-Form-Testing---75fe0-tactDialog-Form-on-Homepage-chromium-retry1/trace.zip]]
]]>
</system-out>
</testcase>
<testcase name="Form Testing - Fixed Selectors and Timeouts › 2. HealthcareMarketing.tsx - Industry-Specific › Healthcare ContactDialog with Industry Business Types" classname="forms-fixed.spec.ts" time="26.552">
<failure message="forms-fixed.spec.ts:206:5 Healthcare ContactDialog with Industry Business Types" type="FAILURE">
<![CDATA[  [chromium] › forms-fixed.spec.ts:206:5 › Form Testing - Fixed Selectors and Timeouts › 2. HealthcareMarketing.tsx - Industry-Specific › Healthcare ContactDialog with Industry Business Types 

    Error: expect(locator).toBeVisible() failed

    Locator:  locator('button').filter({ hasText: /Get.*Free|Contact|Schedule|Audit/ }).first()
    Expected: visible
    Received: <element(s) not found>
    Timeout:  10000ms

    Call log:
      - Expect "toBeVisible" with timeout 10000ms
      - waiting for locator('button').filter({ hasText: /Get.*Free|Contact|Schedule|Audit/ }).first()


      210 |       
      211 |       const contactButton = page.locator('button').filter({ hasText: /Get.*Free|Contact|Schedule|Audit/ }).first();
    > 212 |       await expect(contactButton).toBeVisible({ timeout: 10000 });
          |                                   ^
      213 |       await contactButton.click();
      214 |       
      215 |       const dialog = page.locator('[role="dialog"]');
        at /root/dev/joel-hinton-website/tests/forms-fixed.spec.ts:212:35

    attachment #1: screenshot (image/png) ──────────────────────────────────────────────────────────
    ../test-results/forms-fixed-Form-Testing---b8aa1-ith-Industry-Business-Types-chromium/test-failed-1.png
    ────────────────────────────────────────────────────────────────────────────────────────────────

    attachment #2: video (video/webm) ──────────────────────────────────────────────────────────────
    ../test-results/forms-fixed-Form-Testing---b8aa1-ith-Industry-Business-Types-chromium/video.webm
    ────────────────────────────────────────────────────────────────────────────────────────────────

    Error Context: ../test-results/forms-fixed-Form-Testing---b8aa1-ith-Industry-Business-Types-chromium/error-context.md

    Retry #1 ───────────────────────────────────────────────────────────────────────────────────────

    Error: expect(locator).toBeVisible() failed

    Locator:  locator('button').filter({ hasText: /Get.*Free|Contact|Schedule|Audit/ }).first()
    Expected: visible
    Received: <element(s) not found>
    Timeout:  10000ms

    Call log:
      - Expect "toBeVisible" with timeout 10000ms
      - waiting for locator('button').filter({ hasText: /Get.*Free|Contact|Schedule|Audit/ }).first()


      210 |       
      211 |       const contactButton = page.locator('button').filter({ hasText: /Get.*Free|Contact|Schedule|Audit/ }).first();
    > 212 |       await expect(contactButton).toBeVisible({ timeout: 10000 });
          |                                   ^
      213 |       await contactButton.click();
      214 |       
      215 |       const dialog = page.locator('[role="dialog"]');
        at /root/dev/joel-hinton-website/tests/forms-fixed.spec.ts:212:35

    attachment #1: screenshot (image/png) ──────────────────────────────────────────────────────────
    ../test-results/forms-fixed-Form-Testing---b8aa1-ith-Industry-Business-Types-chromium-retry1/test-failed-1.png
    ────────────────────────────────────────────────────────────────────────────────────────────────

    attachment #2: video (video/webm) ──────────────────────────────────────────────────────────────
    ../test-results/forms-fixed-Form-Testing---b8aa1-ith-Industry-Business-Types-chromium-retry1/video.webm
    ────────────────────────────────────────────────────────────────────────────────────────────────

    Error Context: ../test-results/forms-fixed-Form-Testing---b8aa1-ith-Industry-Business-Types-chromium-retry1/error-context.md

    attachment #4: trace (application/zip) ─────────────────────────────────────────────────────────
    ../test-results/forms-fixed-Form-Testing---b8aa1-ith-Industry-Business-Types-chromium-retry1/trace.zip
    Usage:

        npx playwright show-trace ../test-results/forms-fixed-Form-Testing---b8aa1-ith-Industry-Business-Types-chromium-retry1/trace.zip

    ────────────────────────────────────────────────────────────────────────────────────────────────
]]>
</failure>
<system-out>
<![CDATA[Testing Healthcare Marketing page...

[[ATTACHMENT|forms-fixed-Form-Testing---b8aa1-ith-Industry-Business-Types-chromium/test-failed-1.png]]

[[ATTACHMENT|forms-fixed-Form-Testing---b8aa1-ith-Industry-Business-Types-chromium/video.webm]]

[[ATTACHMENT|forms-fixed-Form-Testing---b8aa1-ith-Industry-Business-Types-chromium/error-context.md]]
Testing Healthcare Marketing page...

[[ATTACHMENT|forms-fixed-Form-Testing---b8aa1-ith-Industry-Business-Types-chromium-retry1/test-failed-1.png]]

[[ATTACHMENT|forms-fixed-Form-Testing---b8aa1-ith-Industry-Business-Types-chromium-retry1/video.webm]]

[[ATTACHMENT|forms-fixed-Form-Testing---b8aa1-ith-Industry-Business-Types-chromium-retry1/error-context.md]]

[[ATTACHMENT|forms-fixed-Form-Testing---b8aa1-ith-Industry-Business-Types-chromium-retry1/trace.zip]]
]]>
</system-out>
</testcase>
<testcase name="Form Testing - Fixed Selectors and Timeouts › 3. About.tsx - Custom Form › About Page Custom Form" classname="forms-fixed.spec.ts" time="15.847">
<failure message="forms-fixed.spec.ts:244:5 About Page Custom Form" type="FAILURE">
<![CDATA[  [chromium] › forms-fixed.spec.ts:244:5 › Form Testing - Fixed Selectors and Timeouts › 3. About.tsx - Custom Form › About Page Custom Form 

    Error: expect(locator).toBeVisible() failed

    Locator:  locator('[role="option"][data-value="professional-services"]').or(locator('[role="option"]').filter({ hasText: 'professional-services' })).first()
    Expected: visible
    Received: <element(s) not found>
    Timeout:  5000ms

    Call log:
      - Expect "toBeVisible" with timeout 5000ms
      - waiting for locator('[role="option"][data-value="professional-services"]').or(locator('[role="option"]').filter({ hasText: 'professional-services' })).first()


      27 |   // Select the option
      28 |   const option = page.locator(`[role="option"][data-value="${value}"]`).or(page.locator(`[role="option"]`).filter({ hasText: value }));
    > 29 |   await expect(option.first()).toBeVisible({ timeout: 5000 });
         |                                ^
      30 |   await option.first().click();
      31 |   
      32 |   console.log(`Successfully selected business type: ${value}`);
        at selectBusinessType (/root/dev/joel-hinton-website/tests/forms-fixed.spec.ts:29:32)
        at fillForm (/root/dev/joel-hinton-website/tests/forms-fixed.spec.ts:62:3)
        at /root/dev/joel-hinton-website/tests/forms-fixed.spec.ts:256:7

    attachment #1: screenshot (image/png) ──────────────────────────────────────────────────────────
    ../test-results/forms-fixed-Form-Testing---26419-Form-About-Page-Custom-Form-chromium/test-failed-1.png
    ────────────────────────────────────────────────────────────────────────────────────────────────

    attachment #2: video (video/webm) ──────────────────────────────────────────────────────────────
    ../test-results/forms-fixed-Form-Testing---26419-Form-About-Page-Custom-Form-chromium/video.webm
    ────────────────────────────────────────────────────────────────────────────────────────────────

    Error Context: ../test-results/forms-fixed-Form-Testing---26419-Form-About-Page-Custom-Form-chromium/error-context.md

    Retry #1 ───────────────────────────────────────────────────────────────────────────────────────

    Error: expect(locator).toBeVisible() failed

    Locator:  locator('[role="option"][data-value="professional-services"]').or(locator('[role="option"]').filter({ hasText: 'professional-services' })).first()
    Expected: visible
    Received: <element(s) not found>
    Timeout:  5000ms

    Call log:
      - Expect "toBeVisible" with timeout 5000ms
      - waiting for locator('[role="option"][data-value="professional-services"]').or(locator('[role="option"]').filter({ hasText: 'professional-services' })).first()


      27 |   // Select the option
      28 |   const option = page.locator(`[role="option"][data-value="${value}"]`).or(page.locator(`[role="option"]`).filter({ hasText: value }));
    > 29 |   await expect(option.first()).toBeVisible({ timeout: 5000 });
         |                                ^
      30 |   await option.first().click();
      31 |   
      32 |   console.log(`Successfully selected business type: ${value}`);
        at selectBusinessType (/root/dev/joel-hinton-website/tests/forms-fixed.spec.ts:29:32)
        at fillForm (/root/dev/joel-hinton-website/tests/forms-fixed.spec.ts:62:3)
        at /root/dev/joel-hinton-website/tests/forms-fixed.spec.ts:256:7

    attachment #1: screenshot (image/png) ──────────────────────────────────────────────────────────
    ../test-results/forms-fixed-Form-Testing---26419-Form-About-Page-Custom-Form-chromium-retry1/test-failed-1.png
    ────────────────────────────────────────────────────────────────────────────────────────────────

    attachment #2: video (video/webm) ──────────────────────────────────────────────────────────────
    ../test-results/forms-fixed-Form-Testing---26419-Form-About-Page-Custom-Form-chromium-retry1/video.webm
    ────────────────────────────────────────────────────────────────────────────────────────────────

    Error Context: ../test-results/forms-fixed-Form-Testing---26419-Form-About-Page-Custom-Form-chromium-retry1/error-context.md

    attachment #4: trace (application/zip) ─────────────────────────────────────────────────────────
    ../test-results/forms-fixed-Form-Testing---26419-Form-About-Page-Custom-Form-chromium-retry1/trace.zip
    Usage:

        npx playwright show-trace ../test-results/forms-fixed-Form-Testing---26419-Form-About-Page-Custom-Form-chromium-retry1/trace.zip

    ────────────────────────────────────────────────────────────────────────────────────────────────
]]>
</failure>
<system-out>
<![CDATA[Testing About page form...
Starting form fill process...
Filling name field...
Filling email field...
Filling phone field...
Selecting business type...
Attempting to select business type: professional-services

[[ATTACHMENT|forms-fixed-Form-Testing---26419-Form-About-Page-Custom-Form-chromium/test-failed-1.png]]

[[ATTACHMENT|forms-fixed-Form-Testing---26419-Form-About-Page-Custom-Form-chromium/video.webm]]

[[ATTACHMENT|forms-fixed-Form-Testing---26419-Form-About-Page-Custom-Form-chromium/error-context.md]]
Testing About page form...
Starting form fill process...
Filling name field...
Filling email field...
Filling phone field...
Selecting business type...
Attempting to select business type: professional-services

[[ATTACHMENT|forms-fixed-Form-Testing---26419-Form-About-Page-Custom-Form-chromium-retry1/test-failed-1.png]]

[[ATTACHMENT|forms-fixed-Form-Testing---26419-Form-About-Page-Custom-Form-chromium-retry1/video.webm]]

[[ATTACHMENT|forms-fixed-Form-Testing---26419-Form-About-Page-Custom-Form-chromium-retry1/error-context.md]]

[[ATTACHMENT|forms-fixed-Form-Testing---26419-Form-About-Page-Custom-Form-chromium-retry1/trace.zip]]
]]>
</system-out>
</testcase>
<testcase name="Form Testing - Fixed Selectors and Timeouts › 4. LocalSEO.tsx - Hybrid Page › LocalSEO ContactDialog" classname="forms-fixed.spec.ts" time="25.208">
<failure message="forms-fixed.spec.ts:271:5 LocalSEO ContactDialog" type="FAILURE">
<![CDATA[  [chromium] › forms-fixed.spec.ts:271:5 › Form Testing - Fixed Selectors and Timeouts › 4. LocalSEO.tsx - Hybrid Page › LocalSEO ContactDialog 

    Error: expect(locator).toBeVisible() failed

    Locator:  locator('button').filter({ hasText: /Get.*Started|Contact|Schedule/ }).first()
    Expected: visible
    Received: <element(s) not found>
    Timeout:  10000ms

    Call log:
      - Expect "toBeVisible" with timeout 10000ms
      - waiting for locator('button').filter({ hasText: /Get.*Started|Contact|Schedule/ }).first()


      275 |       
      276 |       const contactButton = page.locator('button').filter({ hasText: /Get.*Started|Contact|Schedule/ }).first();
    > 277 |       await expect(contactButton).toBeVisible({ timeout: 10000 });
          |                                   ^
      278 |       await contactButton.click();
      279 |       
      280 |       const dialog = page.locator('[role="dialog"]');
        at /root/dev/joel-hinton-website/tests/forms-fixed.spec.ts:277:35

    attachment #1: screenshot (image/png) ──────────────────────────────────────────────────────────
    ../test-results/forms-fixed-Form-Testing---1f349-Page-LocalSEO-ContactDialog-chromium/test-failed-1.png
    ────────────────────────────────────────────────────────────────────────────────────────────────

    attachment #2: video (video/webm) ──────────────────────────────────────────────────────────────
    ../test-results/forms-fixed-Form-Testing---1f349-Page-LocalSEO-ContactDialog-chromium/video.webm
    ────────────────────────────────────────────────────────────────────────────────────────────────

    Error Context: ../test-results/forms-fixed-Form-Testing---1f349-Page-LocalSEO-ContactDialog-chromium/error-context.md

    Retry #1 ───────────────────────────────────────────────────────────────────────────────────────

    Error: expect(locator).toBeVisible() failed

    Locator:  locator('button').filter({ hasText: /Get.*Started|Contact|Schedule/ }).first()
    Expected: visible
    Received: <element(s) not found>
    Timeout:  10000ms

    Call log:
      - Expect "toBeVisible" with timeout 10000ms
      - waiting for locator('button').filter({ hasText: /Get.*Started|Contact|Schedule/ }).first()


      275 |       
      276 |       const contactButton = page.locator('button').filter({ hasText: /Get.*Started|Contact|Schedule/ }).first();
    > 277 |       await expect(contactButton).toBeVisible({ timeout: 10000 });
          |                                   ^
      278 |       await contactButton.click();
      279 |       
      280 |       const dialog = page.locator('[role="dialog"]');
        at /root/dev/joel-hinton-website/tests/forms-fixed.spec.ts:277:35

    attachment #1: screenshot (image/png) ──────────────────────────────────────────────────────────
    ../test-results/forms-fixed-Form-Testing---1f349-Page-LocalSEO-ContactDialog-chromium-retry1/test-failed-1.png
    ────────────────────────────────────────────────────────────────────────────────────────────────

    attachment #2: video (video/webm) ──────────────────────────────────────────────────────────────
    ../test-results/forms-fixed-Form-Testing---1f349-Page-LocalSEO-ContactDialog-chromium-retry1/video.webm
    ────────────────────────────────────────────────────────────────────────────────────────────────

    Error Context: ../test-results/forms-fixed-Form-Testing---1f349-Page-LocalSEO-ContactDialog-chromium-retry1/error-context.md

    attachment #4: trace (application/zip) ─────────────────────────────────────────────────────────
    ../test-results/forms-fixed-Form-Testing---1f349-Page-LocalSEO-ContactDialog-chromium-retry1/trace.zip
    Usage:

        npx playwright show-trace ../test-results/forms-fixed-Form-Testing---1f349-Page-LocalSEO-ContactDialog-chromium-retry1/trace.zip

    ────────────────────────────────────────────────────────────────────────────────────────────────
]]>
</failure>
<system-out>
<![CDATA[Testing LocalSEO page...

[[ATTACHMENT|forms-fixed-Form-Testing---1f349-Page-LocalSEO-ContactDialog-chromium/test-failed-1.png]]

[[ATTACHMENT|forms-fixed-Form-Testing---1f349-Page-LocalSEO-ContactDialog-chromium/video.webm]]

[[ATTACHMENT|forms-fixed-Form-Testing---1f349-Page-LocalSEO-ContactDialog-chromium/error-context.md]]
Testing LocalSEO page...

[[ATTACHMENT|forms-fixed-Form-Testing---1f349-Page-LocalSEO-ContactDialog-chromium-retry1/test-failed-1.png]]

[[ATTACHMENT|forms-fixed-Form-Testing---1f349-Page-LocalSEO-ContactDialog-chromium-retry1/video.webm]]

[[ATTACHMENT|forms-fixed-Form-Testing---1f349-Page-LocalSEO-ContactDialog-chromium-retry1/error-context.md]]

[[ATTACHMENT|forms-fixed-Form-Testing---1f349-Page-LocalSEO-ContactDialog-chromium-retry1/trace.zip]]
]]>
</system-out>
</testcase>
<testcase name="Form Testing - Fixed Selectors and Timeouts › 5. Contact.tsx - Standard ContactDialog › Contact Page Standard Form" classname="forms-fixed.spec.ts" time="26.614">
<failure message="forms-fixed.spec.ts:306:5 Contact Page Standard Form" type="FAILURE">
<![CDATA[  [chromium] › forms-fixed.spec.ts:306:5 › Form Testing - Fixed Selectors and Timeouts › 5. Contact.tsx - Standard ContactDialog › Contact Page Standard Form 

    Error: expect(locator).toBeVisible() failed

    Locator:  locator('[role="dialog"]')
    Expected: visible
    Received: <element(s) not found>
    Timeout:  10000ms

    Call log:
      - Expect "toBeVisible" with timeout 10000ms
      - waiting for locator('[role="dialog"]')


      314 |       
      315 |       const dialog = page.locator('[role="dialog"]');
    > 316 |       await expect(dialog).toBeVisible({ timeout: 10000 });
          |                            ^
      317 |       
      318 |       // Test invalid email validation
      319 |       console.log('Testing email validation...');
        at /root/dev/joel-hinton-website/tests/forms-fixed.spec.ts:316:28

    attachment #1: screenshot (image/png) ──────────────────────────────────────────────────────────
    ../test-results/forms-fixed-Form-Testing---9d296--Contact-Page-Standard-Form-chromium/test-failed-1.png
    ────────────────────────────────────────────────────────────────────────────────────────────────

    attachment #2: video (video/webm) ──────────────────────────────────────────────────────────────
    ../test-results/forms-fixed-Form-Testing---9d296--Contact-Page-Standard-Form-chromium/video.webm
    ────────────────────────────────────────────────────────────────────────────────────────────────

    Error Context: ../test-results/forms-fixed-Form-Testing---9d296--Contact-Page-Standard-Form-chromium/error-context.md

    Retry #1 ───────────────────────────────────────────────────────────────────────────────────────

    Error: expect(locator).toBeVisible() failed

    Locator:  locator('[role="dialog"]')
    Expected: visible
    Received: <element(s) not found>
    Timeout:  10000ms

    Call log:
      - Expect "toBeVisible" with timeout 10000ms
      - waiting for locator('[role="dialog"]')


      314 |       
      315 |       const dialog = page.locator('[role="dialog"]');
    > 316 |       await expect(dialog).toBeVisible({ timeout: 10000 });
          |                            ^
      317 |       
      318 |       // Test invalid email validation
      319 |       console.log('Testing email validation...');
        at /root/dev/joel-hinton-website/tests/forms-fixed.spec.ts:316:28

    attachment #1: screenshot (image/png) ──────────────────────────────────────────────────────────
    ../test-results/forms-fixed-Form-Testing---9d296--Contact-Page-Standard-Form-chromium-retry1/test-failed-1.png
    ────────────────────────────────────────────────────────────────────────────────────────────────

    attachment #2: video (video/webm) ──────────────────────────────────────────────────────────────
    ../test-results/forms-fixed-Form-Testing---9d296--Contact-Page-Standard-Form-chromium-retry1/video.webm
    ────────────────────────────────────────────────────────────────────────────────────────────────

    Error Context: ../test-results/forms-fixed-Form-Testing---9d296--Contact-Page-Standard-Form-chromium-retry1/error-context.md

    attachment #4: trace (application/zip) ─────────────────────────────────────────────────────────
    ../test-results/forms-fixed-Form-Testing---9d296--Contact-Page-Standard-Form-chromium-retry1/trace.zip
    Usage:

        npx playwright show-trace ../test-results/forms-fixed-Form-Testing---9d296--Contact-Page-Standard-Form-chromium-retry1/trace.zip

    ────────────────────────────────────────────────────────────────────────────────────────────────
]]>
</failure>
<system-out>
<![CDATA[Testing Contact page...

[[ATTACHMENT|forms-fixed-Form-Testing---9d296--Contact-Page-Standard-Form-chromium/test-failed-1.png]]

[[ATTACHMENT|forms-fixed-Form-Testing---9d296--Contact-Page-Standard-Form-chromium/video.webm]]

[[ATTACHMENT|forms-fixed-Form-Testing---9d296--Contact-Page-Standard-Form-chromium/error-context.md]]
Testing Contact page...

[[ATTACHMENT|forms-fixed-Form-Testing---9d296--Contact-Page-Standard-Form-chromium-retry1/test-failed-1.png]]

[[ATTACHMENT|forms-fixed-Form-Testing---9d296--Contact-Page-Standard-Form-chromium-retry1/video.webm]]

[[ATTACHMENT|forms-fixed-Form-Testing---9d296--Contact-Page-Standard-Form-chromium-retry1/error-context.md]]

[[ATTACHMENT|forms-fixed-Form-Testing---9d296--Contact-Page-Standard-Form-chromium-retry1/trace.zip]]
]]>
</system-out>
</testcase>
<testcase name="Form Testing - Fixed Selectors and Timeouts › Error Handling and Edge Cases › Form Submission Error Handling" classname="forms-fixed.spec.ts" time="36.612">
<failure message="forms-fixed.spec.ts:353:5 Form Submission Error Handling" type="FAILURE">
<![CDATA[  [chromium] › forms-fixed.spec.ts:353:5 › Form Testing - Fixed Selectors and Timeouts › Error Handling and Edge Cases › Form Submission Error Handling 

    TimeoutError: locator.click: Timeout 15000ms exceeded.
    Call log:
      - waiting for locator('button').filter({ hasText: /Contact|Get.*Started/ }).first()


      357 |       
      358 |       const contactButton = page.locator('button').filter({ hasText: /Contact|Get.*Started/ }).first();
    > 359 |       await contactButton.click();
          |                           ^
      360 |       
      361 |       const dialog = page.locator('[role="dialog"]');
      362 |       await expect(dialog).toBeVisible({ timeout: 10000 });
        at /root/dev/joel-hinton-website/tests/forms-fixed.spec.ts:359:27

    attachment #1: screenshot (image/png) ──────────────────────────────────────────────────────────
    ../test-results/forms-fixed-Form-Testing---128d6-m-Submission-Error-Handling-chromium/test-failed-1.png
    ────────────────────────────────────────────────────────────────────────────────────────────────

    attachment #2: video (video/webm) ──────────────────────────────────────────────────────────────
    ../test-results/forms-fixed-Form-Testing---128d6-m-Submission-Error-Handling-chromium/video.webm
    ────────────────────────────────────────────────────────────────────────────────────────────────

    Error Context: ../test-results/forms-fixed-Form-Testing---128d6-m-Submission-Error-Handling-chromium/error-context.md

    Retry #1 ───────────────────────────────────────────────────────────────────────────────────────

    TimeoutError: locator.click: Timeout 15000ms exceeded.
    Call log:
      - waiting for locator('button').filter({ hasText: /Contact|Get.*Started/ }).first()


      357 |       
      358 |       const contactButton = page.locator('button').filter({ hasText: /Contact|Get.*Started/ }).first();
    > 359 |       await contactButton.click();
          |                           ^
      360 |       
      361 |       const dialog = page.locator('[role="dialog"]');
      362 |       await expect(dialog).toBeVisible({ timeout: 10000 });
        at /root/dev/joel-hinton-website/tests/forms-fixed.spec.ts:359:27

    attachment #1: screenshot (image/png) ──────────────────────────────────────────────────────────
    ../test-results/forms-fixed-Form-Testing---128d6-m-Submission-Error-Handling-chromium-retry1/test-failed-1.png
    ────────────────────────────────────────────────────────────────────────────────────────────────

    attachment #2: video (video/webm) ──────────────────────────────────────────────────────────────
    ../test-results/forms-fixed-Form-Testing---128d6-m-Submission-Error-Handling-chromium-retry1/video.webm
    ────────────────────────────────────────────────────────────────────────────────────────────────

    Error Context: ../test-results/forms-fixed-Form-Testing---128d6-m-Submission-Error-Handling-chromium-retry1/error-context.md

    attachment #4: trace (application/zip) ─────────────────────────────────────────────────────────
    ../test-results/forms-fixed-Form-Testing---128d6-m-Submission-Error-Handling-chromium-retry1/trace.zip
    Usage:

        npx playwright show-trace ../test-results/forms-fixed-Form-Testing---128d6-m-Submission-Error-Handling-chromium-retry1/trace.zip

    ────────────────────────────────────────────────────────────────────────────────────────────────
]]>
</failure>
<system-out>
<![CDATA[Testing error handling...

[[ATTACHMENT|forms-fixed-Form-Testing---128d6-m-Submission-Error-Handling-chromium/test-failed-1.png]]

[[ATTACHMENT|forms-fixed-Form-Testing---128d6-m-Submission-Error-Handling-chromium/video.webm]]

[[ATTACHMENT|forms-fixed-Form-Testing---128d6-m-Submission-Error-Handling-chromium/error-context.md]]
Testing error handling...

[[ATTACHMENT|forms-fixed-Form-Testing---128d6-m-Submission-Error-Handling-chromium-retry1/test-failed-1.png]]

[[ATTACHMENT|forms-fixed-Form-Testing---128d6-m-Submission-Error-Handling-chromium-retry1/video.webm]]

[[ATTACHMENT|forms-fixed-Form-Testing---128d6-m-Submission-Error-Handling-chromium-retry1/error-context.md]]

[[ATTACHMENT|forms-fixed-Form-Testing---128d6-m-Submission-Error-Handling-chromium-retry1/trace.zip]]
]]>
</system-out>
</testcase>
</testsuite>
<testsuite name="forms-fixed.spec.ts" timestamp="2025-09-14T23:47:18.398Z" hostname="firefox" tests="7" failures="7" skipped="0" time="184.63" errors="0">
<testcase name="Form Testing - Fixed Selectors and Timeouts › 1. Index.tsx - Homepage Forms › Hero Section Form - Complete Flow" classname="forms-fixed.spec.ts" time="23.426">
<failure message="forms-fixed.spec.ts:86:5 Hero Section Form - Complete Flow" type="FAILURE">
<![CDATA[  [firefox] › forms-fixed.spec.ts:86:5 › Form Testing - Fixed Selectors and Timeouts › 1. Index.tsx - Homepage Forms › Hero Section Form - Complete Flow 

    Error: expect(locator).toBeVisible() failed

    Locator:  locator('[role="option"][data-value="professional-services"]').or(locator('[role="option"]').filter({ hasText: 'professional-services' })).first()
    Expected: visible
    Received: <element(s) not found>
    Timeout:  5000ms

    Call log:
      - Expect "toBeVisible" with timeout 5000ms
      - waiting for locator('[role="option"][data-value="professional-services"]').or(locator('[role="option"]').filter({ hasText: 'professional-services' })).first()


      27 |   // Select the option
      28 |   const option = page.locator(`[role="option"][data-value="${value}"]`).or(page.locator(`[role="option"]`).filter({ hasText: value }));
    > 29 |   await expect(option.first()).toBeVisible({ timeout: 5000 });
         |                                ^
      30 |   await option.first().click();
      31 |   
      32 |   console.log(`Successfully selected business type: ${value}`);
        at selectBusinessType (/root/dev/joel-hinton-website/tests/forms-fixed.spec.ts:29:32)
        at fillForm (/root/dev/joel-hinton-website/tests/forms-fixed.spec.ts:62:3)
        at /root/dev/joel-hinton-website/tests/forms-fixed.spec.ts:127:7

    attachment #1: screenshot (image/png) ──────────────────────────────────────────────────────────
    ../test-results/forms-fixed-Form-Testing---cf115-ection-Form---Complete-Flow-firefox/test-failed-1.png
    ────────────────────────────────────────────────────────────────────────────────────────────────

    attachment #2: video (video/webm) ──────────────────────────────────────────────────────────────
    ../test-results/forms-fixed-Form-Testing---cf115-ection-Form---Complete-Flow-firefox/video.webm
    ────────────────────────────────────────────────────────────────────────────────────────────────

    Error Context: ../test-results/forms-fixed-Form-Testing---cf115-ection-Form---Complete-Flow-firefox/error-context.md

    Retry #1 ───────────────────────────────────────────────────────────────────────────────────────

    Error: expect(locator).toBeVisible() failed

    Locator:  locator('[role="option"][data-value="professional-services"]').or(locator('[role="option"]').filter({ hasText: 'professional-services' })).first()
    Expected: visible
    Received: <element(s) not found>
    Timeout:  5000ms

    Call log:
      - Expect "toBeVisible" with timeout 5000ms
      - waiting for locator('[role="option"][data-value="professional-services"]').or(locator('[role="option"]').filter({ hasText: 'professional-services' })).first()


      27 |   // Select the option
      28 |   const option = page.locator(`[role="option"][data-value="${value}"]`).or(page.locator(`[role="option"]`).filter({ hasText: value }));
    > 29 |   await expect(option.first()).toBeVisible({ timeout: 5000 });
         |                                ^
      30 |   await option.first().click();
      31 |   
      32 |   console.log(`Successfully selected business type: ${value}`);
        at selectBusinessType (/root/dev/joel-hinton-website/tests/forms-fixed.spec.ts:29:32)
        at fillForm (/root/dev/joel-hinton-website/tests/forms-fixed.spec.ts:62:3)
        at /root/dev/joel-hinton-website/tests/forms-fixed.spec.ts:127:7

    attachment #1: screenshot (image/png) ──────────────────────────────────────────────────────────
    ../test-results/forms-fixed-Form-Testing---cf115-ection-Form---Complete-Flow-firefox-retry1/test-failed-1.png
    ────────────────────────────────────────────────────────────────────────────────────────────────

    attachment #2: video (video/webm) ──────────────────────────────────────────────────────────────
    ../test-results/forms-fixed-Form-Testing---cf115-ection-Form---Complete-Flow-firefox-retry1/video.webm
    ────────────────────────────────────────────────────────────────────────────────────────────────

    Error Context: ../test-results/forms-fixed-Form-Testing---cf115-ection-Form---Complete-Flow-firefox-retry1/error-context.md

    attachment #4: trace (application/zip) ─────────────────────────────────────────────────────────
    ../test-results/forms-fixed-Form-Testing---cf115-ection-Form---Complete-Flow-firefox-retry1/trace.zip
    Usage:

        npx playwright show-trace ../test-results/forms-fixed-Form-Testing---cf115-ection-Form---Complete-Flow-firefox-retry1/trace.zip

    ────────────────────────────────────────────────────────────────────────────────────────────────
]]>
</failure>
<system-out>
<![CDATA[Testing Hero Section Form...
Clicking hero button...
Waiting for dialog to open...
Testing form validation...
Filling hero form...
Starting form fill process...
Filling name field...
Filling email field...
Filling phone field...
Selecting business type...
Attempting to select business type: professional-services

[[ATTACHMENT|forms-fixed-Form-Testing---cf115-ection-Form---Complete-Flow-firefox/test-failed-1.png]]

[[ATTACHMENT|forms-fixed-Form-Testing---cf115-ection-Form---Complete-Flow-firefox/video.webm]]

[[ATTACHMENT|forms-fixed-Form-Testing---cf115-ection-Form---Complete-Flow-firefox/error-context.md]]
Testing Hero Section Form...
Clicking hero button...
Waiting for dialog to open...
Testing form validation...
Filling hero form...
Starting form fill process...
Filling name field...
Filling email field...
Filling phone field...
Selecting business type...
Attempting to select business type: professional-services

[[ATTACHMENT|forms-fixed-Form-Testing---cf115-ection-Form---Complete-Flow-firefox-retry1/test-failed-1.png]]

[[ATTACHMENT|forms-fixed-Form-Testing---cf115-ection-Form---Complete-Flow-firefox-retry1/video.webm]]

[[ATTACHMENT|forms-fixed-Form-Testing---cf115-ection-Form---Complete-Flow-firefox-retry1/error-context.md]]

[[ATTACHMENT|forms-fixed-Form-Testing---cf115-ection-Form---Complete-Flow-firefox-retry1/trace.zip]]
]]>
</system-out>
</testcase>
<testcase name="Form Testing - Fixed Selectors and Timeouts › 1. Index.tsx - Homepage Forms › ContactDialog Form on Homepage" classname="forms-fixed.spec.ts" time="27.513">
<failure message="forms-fixed.spec.ts:151:5 ContactDialog Form on Homepage" type="FAILURE">
<![CDATA[  [firefox] › forms-fixed.spec.ts:151:5 › Form Testing - Fixed Selectors and Timeouts › 1. Index.tsx - Homepage Forms › ContactDialog Form on Homepage 

    Error: expect(locator).toBeVisible() failed

    Locator:  locator('button').filter({ hasText: /Contact|Get.*Started|Schedule/ }).last()
    Expected: visible
    Received: <element(s) not found>
    Timeout:  10000ms

    Call log:
      - Expect "toBeVisible" with timeout 10000ms
      - waiting for locator('button').filter({ hasText: /Contact|Get.*Started|Schedule/ }).last()


      172 |       }
      173 |       
    > 174 |       await expect(contactButton).toBeVisible({ timeout: 10000 });
          |                                   ^
      175 |       console.log('Clicking contact dialog button...');
      176 |       await contactButton.click();
      177 |       
        at /root/dev/joel-hinton-website/tests/forms-fixed.spec.ts:174:35

    attachment #1: screenshot (image/png) ──────────────────────────────────────────────────────────
    ../test-results/forms-fixed-Form-Testing---75fe0-tactDialog-Form-on-Homepage-firefox/test-failed-1.png
    ────────────────────────────────────────────────────────────────────────────────────────────────

    attachment #2: video (video/webm) ──────────────────────────────────────────────────────────────
    ../test-results/forms-fixed-Form-Testing---75fe0-tactDialog-Form-on-Homepage-firefox/video.webm
    ────────────────────────────────────────────────────────────────────────────────────────────────

    Error Context: ../test-results/forms-fixed-Form-Testing---75fe0-tactDialog-Form-on-Homepage-firefox/error-context.md

    Retry #1 ───────────────────────────────────────────────────────────────────────────────────────

    Error: expect(locator).toBeVisible() failed

    Locator:  locator('button').filter({ hasText: /Contact|Get.*Started|Schedule/ }).last()
    Expected: visible
    Received: <element(s) not found>
    Timeout:  10000ms

    Call log:
      - Expect "toBeVisible" with timeout 10000ms
      - waiting for locator('button').filter({ hasText: /Contact|Get.*Started|Schedule/ }).last()


      172 |       }
      173 |       
    > 174 |       await expect(contactButton).toBeVisible({ timeout: 10000 });
          |                                   ^
      175 |       console.log('Clicking contact dialog button...');
      176 |       await contactButton.click();
      177 |       
        at /root/dev/joel-hinton-website/tests/forms-fixed.spec.ts:174:35

    attachment #1: screenshot (image/png) ──────────────────────────────────────────────────────────
    ../test-results/forms-fixed-Form-Testing---75fe0-tactDialog-Form-on-Homepage-firefox-retry1/test-failed-1.png
    ────────────────────────────────────────────────────────────────────────────────────────────────

    attachment #2: video (video/webm) ──────────────────────────────────────────────────────────────
    ../test-results/forms-fixed-Form-Testing---75fe0-tactDialog-Form-on-Homepage-firefox-retry1/video.webm
    ────────────────────────────────────────────────────────────────────────────────────────────────

    Error Context: ../test-results/forms-fixed-Form-Testing---75fe0-tactDialog-Form-on-Homepage-firefox-retry1/error-context.md

    attachment #4: trace (application/zip) ─────────────────────────────────────────────────────────
    ../test-results/forms-fixed-Form-Testing---75fe0-tactDialog-Form-on-Homepage-firefox-retry1/trace.zip
    Usage:

        npx playwright show-trace ../test-results/forms-fixed-Form-Testing---75fe0-tactDialog-Form-on-Homepage-firefox-retry1/trace.zip

    ────────────────────────────────────────────────────────────────────────────────────────────────
]]>
</failure>
<system-out>
<![CDATA[Testing ContactDialog on Homepage...

[[ATTACHMENT|forms-fixed-Form-Testing---75fe0-tactDialog-Form-on-Homepage-firefox/test-failed-1.png]]

[[ATTACHMENT|forms-fixed-Form-Testing---75fe0-tactDialog-Form-on-Homepage-firefox/video.webm]]

[[ATTACHMENT|forms-fixed-Form-Testing---75fe0-tactDialog-Form-on-Homepage-firefox/error-context.md]]
Testing ContactDialog on Homepage...

[[ATTACHMENT|forms-fixed-Form-Testing---75fe0-tactDialog-Form-on-Homepage-firefox-retry1/test-failed-1.png]]

[[ATTACHMENT|forms-fixed-Form-Testing---75fe0-tactDialog-Form-on-Homepage-firefox-retry1/video.webm]]

[[ATTACHMENT|forms-fixed-Form-Testing---75fe0-tactDialog-Form-on-Homepage-firefox-retry1/error-context.md]]

[[ATTACHMENT|forms-fixed-Form-Testing---75fe0-tactDialog-Form-on-Homepage-firefox-retry1/trace.zip]]
]]>
</system-out>
</testcase>
<testcase name="Form Testing - Fixed Selectors and Timeouts › 2. HealthcareMarketing.tsx - Industry-Specific › Healthcare ContactDialog with Industry Business Types" classname="forms-fixed.spec.ts" time="26.307">
<failure message="forms-fixed.spec.ts:206:5 Healthcare ContactDialog with Industry Business Types" type="FAILURE">
<![CDATA[  [firefox] › forms-fixed.spec.ts:206:5 › Form Testing - Fixed Selectors and Timeouts › 2. HealthcareMarketing.tsx - Industry-Specific › Healthcare ContactDialog with Industry Business Types 

    Error: expect(locator).toBeVisible() failed

    Locator:  locator('button').filter({ hasText: /Get.*Free|Contact|Schedule|Audit/ }).first()
    Expected: visible
    Received: <element(s) not found>
    Timeout:  10000ms

    Call log:
      - Expect "toBeVisible" with timeout 10000ms
      - waiting for locator('button').filter({ hasText: /Get.*Free|Contact|Schedule|Audit/ }).first()


      210 |       
      211 |       const contactButton = page.locator('button').filter({ hasText: /Get.*Free|Contact|Schedule|Audit/ }).first();
    > 212 |       await expect(contactButton).toBeVisible({ timeout: 10000 });
          |                                   ^
      213 |       await contactButton.click();
      214 |       
      215 |       const dialog = page.locator('[role="dialog"]');
        at /root/dev/joel-hinton-website/tests/forms-fixed.spec.ts:212:35

    attachment #1: screenshot (image/png) ──────────────────────────────────────────────────────────
    ../test-results/forms-fixed-Form-Testing---b8aa1-ith-Industry-Business-Types-firefox/test-failed-1.png
    ────────────────────────────────────────────────────────────────────────────────────────────────

    attachment #2: video (video/webm) ──────────────────────────────────────────────────────────────
    ../test-results/forms-fixed-Form-Testing---b8aa1-ith-Industry-Business-Types-firefox/video.webm
    ────────────────────────────────────────────────────────────────────────────────────────────────

    Error Context: ../test-results/forms-fixed-Form-Testing---b8aa1-ith-Industry-Business-Types-firefox/error-context.md

    Retry #1 ───────────────────────────────────────────────────────────────────────────────────────

    Error: expect(locator).toBeVisible() failed

    Locator:  locator('button').filter({ hasText: /Get.*Free|Contact|Schedule|Audit/ }).first()
    Expected: visible
    Received: <element(s) not found>
    Timeout:  10000ms

    Call log:
      - Expect "toBeVisible" with timeout 10000ms
      - waiting for locator('button').filter({ hasText: /Get.*Free|Contact|Schedule|Audit/ }).first()


      210 |       
      211 |       const contactButton = page.locator('button').filter({ hasText: /Get.*Free|Contact|Schedule|Audit/ }).first();
    > 212 |       await expect(contactButton).toBeVisible({ timeout: 10000 });
          |                                   ^
      213 |       await contactButton.click();
      214 |       
      215 |       const dialog = page.locator('[role="dialog"]');
        at /root/dev/joel-hinton-website/tests/forms-fixed.spec.ts:212:35

    attachment #1: screenshot (image/png) ──────────────────────────────────────────────────────────
    ../test-results/forms-fixed-Form-Testing---b8aa1-ith-Industry-Business-Types-firefox-retry1/test-failed-1.png
    ────────────────────────────────────────────────────────────────────────────────────────────────

    attachment #2: video (video/webm) ──────────────────────────────────────────────────────────────
    ../test-results/forms-fixed-Form-Testing---b8aa1-ith-Industry-Business-Types-firefox-retry1/video.webm
    ────────────────────────────────────────────────────────────────────────────────────────────────

    Error Context: ../test-results/forms-fixed-Form-Testing---b8aa1-ith-Industry-Business-Types-firefox-retry1/error-context.md

    attachment #4: trace (application/zip) ─────────────────────────────────────────────────────────
    ../test-results/forms-fixed-Form-Testing---b8aa1-ith-Industry-Business-Types-firefox-retry1/trace.zip
    Usage:

        npx playwright show-trace ../test-results/forms-fixed-Form-Testing---b8aa1-ith-Industry-Business-Types-firefox-retry1/trace.zip

    ────────────────────────────────────────────────────────────────────────────────────────────────
]]>
</failure>
<system-out>
<![CDATA[Testing Healthcare Marketing page...

[[ATTACHMENT|forms-fixed-Form-Testing---b8aa1-ith-Industry-Business-Types-firefox/test-failed-1.png]]

[[ATTACHMENT|forms-fixed-Form-Testing---b8aa1-ith-Industry-Business-Types-firefox/video.webm]]

[[ATTACHMENT|forms-fixed-Form-Testing---b8aa1-ith-Industry-Business-Types-firefox/error-context.md]]
Testing Healthcare Marketing page...

[[ATTACHMENT|forms-fixed-Form-Testing---b8aa1-ith-Industry-Business-Types-firefox-retry1/test-failed-1.png]]

[[ATTACHMENT|forms-fixed-Form-Testing---b8aa1-ith-Industry-Business-Types-firefox-retry1/video.webm]]

[[ATTACHMENT|forms-fixed-Form-Testing---b8aa1-ith-Industry-Business-Types-firefox-retry1/error-context.md]]

[[ATTACHMENT|forms-fixed-Form-Testing---b8aa1-ith-Industry-Business-Types-firefox-retry1/trace.zip]]
]]>
</system-out>
</testcase>
<testcase name="Form Testing - Fixed Selectors and Timeouts › 3. About.tsx - Custom Form › About Page Custom Form" classname="forms-fixed.spec.ts" time="17.652">
<failure message="forms-fixed.spec.ts:244:5 About Page Custom Form" type="FAILURE">
<![CDATA[  [firefox] › forms-fixed.spec.ts:244:5 › Form Testing - Fixed Selectors and Timeouts › 3. About.tsx - Custom Form › About Page Custom Form 

    Error: expect(locator).toBeVisible() failed

    Locator:  locator('[role="option"][data-value="professional-services"]').or(locator('[role="option"]').filter({ hasText: 'professional-services' })).first()
    Expected: visible
    Received: <element(s) not found>
    Timeout:  5000ms

    Call log:
      - Expect "toBeVisible" with timeout 5000ms
      - waiting for locator('[role="option"][data-value="professional-services"]').or(locator('[role="option"]').filter({ hasText: 'professional-services' })).first()


      27 |   // Select the option
      28 |   const option = page.locator(`[role="option"][data-value="${value}"]`).or(page.locator(`[role="option"]`).filter({ hasText: value }));
    > 29 |   await expect(option.first()).toBeVisible({ timeout: 5000 });
         |                                ^
      30 |   await option.first().click();
      31 |   
      32 |   console.log(`Successfully selected business type: ${value}`);
        at selectBusinessType (/root/dev/joel-hinton-website/tests/forms-fixed.spec.ts:29:32)
        at fillForm (/root/dev/joel-hinton-website/tests/forms-fixed.spec.ts:62:3)
        at /root/dev/joel-hinton-website/tests/forms-fixed.spec.ts:256:7

    attachment #1: screenshot (image/png) ──────────────────────────────────────────────────────────
    ../test-results/forms-fixed-Form-Testing---26419-Form-About-Page-Custom-Form-firefox/test-failed-1.png
    ────────────────────────────────────────────────────────────────────────────────────────────────

    attachment #2: video (video/webm) ──────────────────────────────────────────────────────────────
    ../test-results/forms-fixed-Form-Testing---26419-Form-About-Page-Custom-Form-firefox/video.webm
    ────────────────────────────────────────────────────────────────────────────────────────────────

    Error Context: ../test-results/forms-fixed-Form-Testing---26419-Form-About-Page-Custom-Form-firefox/error-context.md

    Retry #1 ───────────────────────────────────────────────────────────────────────────────────────

    Error: expect(locator).toBeVisible() failed

    Locator:  locator('[role="option"][data-value="professional-services"]').or(locator('[role="option"]').filter({ hasText: 'professional-services' })).first()
    Expected: visible
    Received: <element(s) not found>
    Timeout:  5000ms

    Call log:
      - Expect "toBeVisible" with timeout 5000ms
      - waiting for locator('[role="option"][data-value="professional-services"]').or(locator('[role="option"]').filter({ hasText: 'professional-services' })).first()


      27 |   // Select the option
      28 |   const option = page.locator(`[role="option"][data-value="${value}"]`).or(page.locator(`[role="option"]`).filter({ hasText: value }));
    > 29 |   await expect(option.first()).toBeVisible({ timeout: 5000 });
         |                                ^
      30 |   await option.first().click();
      31 |   
      32 |   console.log(`Successfully selected business type: ${value}`);
        at selectBusinessType (/root/dev/joel-hinton-website/tests/forms-fixed.spec.ts:29:32)
        at fillForm (/root/dev/joel-hinton-website/tests/forms-fixed.spec.ts:62:3)
        at /root/dev/joel-hinton-website/tests/forms-fixed.spec.ts:256:7

    attachment #1: screenshot (image/png) ──────────────────────────────────────────────────────────
    ../test-results/forms-fixed-Form-Testing---26419-Form-About-Page-Custom-Form-firefox-retry1/test-failed-1.png
    ────────────────────────────────────────────────────────────────────────────────────────────────

    attachment #2: video (video/webm) ──────────────────────────────────────────────────────────────
    ../test-results/forms-fixed-Form-Testing---26419-Form-About-Page-Custom-Form-firefox-retry1/video.webm
    ────────────────────────────────────────────────────────────────────────────────────────────────

    Error Context: ../test-results/forms-fixed-Form-Testing---26419-Form-About-Page-Custom-Form-firefox-retry1/error-context.md

    attachment #4: trace (application/zip) ─────────────────────────────────────────────────────────
    ../test-results/forms-fixed-Form-Testing---26419-Form-About-Page-Custom-Form-firefox-retry1/trace.zip
    Usage:

        npx playwright show-trace ../test-results/forms-fixed-Form-Testing---26419-Form-About-Page-Custom-Form-firefox-retry1/trace.zip

    ────────────────────────────────────────────────────────────────────────────────────────────────
]]>
</failure>
<system-out>
<![CDATA[Testing About page form...
Starting form fill process...
Filling name field...
Filling email field...
Filling phone field...
Selecting business type...
Attempting to select business type: professional-services

[[ATTACHMENT|forms-fixed-Form-Testing---26419-Form-About-Page-Custom-Form-firefox/test-failed-1.png]]

[[ATTACHMENT|forms-fixed-Form-Testing---26419-Form-About-Page-Custom-Form-firefox/video.webm]]

[[ATTACHMENT|forms-fixed-Form-Testing---26419-Form-About-Page-Custom-Form-firefox/error-context.md]]
Testing About page form...
Starting form fill process...
Filling name field...
Filling email field...
Filling phone field...
Selecting business type...
Attempting to select business type: professional-services

[[ATTACHMENT|forms-fixed-Form-Testing---26419-Form-About-Page-Custom-Form-firefox-retry1/test-failed-1.png]]

[[ATTACHMENT|forms-fixed-Form-Testing---26419-Form-About-Page-Custom-Form-firefox-retry1/video.webm]]

[[ATTACHMENT|forms-fixed-Form-Testing---26419-Form-About-Page-Custom-Form-firefox-retry1/error-context.md]]

[[ATTACHMENT|forms-fixed-Form-Testing---26419-Form-About-Page-Custom-Form-firefox-retry1/trace.zip]]
]]>
</system-out>
</testcase>
<testcase name="Form Testing - Fixed Selectors and Timeouts › 4. LocalSEO.tsx - Hybrid Page › LocalSEO ContactDialog" classname="forms-fixed.spec.ts" time="25.859">
<failure message="forms-fixed.spec.ts:271:5 LocalSEO ContactDialog" type="FAILURE">
<![CDATA[  [firefox] › forms-fixed.spec.ts:271:5 › Form Testing - Fixed Selectors and Timeouts › 4. LocalSEO.tsx - Hybrid Page › LocalSEO ContactDialog 

    Error: expect(locator).toBeVisible() failed

    Locator:  locator('button').filter({ hasText: /Get.*Started|Contact|Schedule/ }).first()
    Expected: visible
    Received: <element(s) not found>
    Timeout:  10000ms

    Call log:
      - Expect "toBeVisible" with timeout 10000ms
      - waiting for locator('button').filter({ hasText: /Get.*Started|Contact|Schedule/ }).first()


      275 |       
      276 |       const contactButton = page.locator('button').filter({ hasText: /Get.*Started|Contact|Schedule/ }).first();
    > 277 |       await expect(contactButton).toBeVisible({ timeout: 10000 });
          |                                   ^
      278 |       await contactButton.click();
      279 |       
      280 |       const dialog = page.locator('[role="dialog"]');
        at /root/dev/joel-hinton-website/tests/forms-fixed.spec.ts:277:35

    attachment #1: screenshot (image/png) ──────────────────────────────────────────────────────────
    ../test-results/forms-fixed-Form-Testing---1f349-Page-LocalSEO-ContactDialog-firefox/test-failed-1.png
    ────────────────────────────────────────────────────────────────────────────────────────────────

    attachment #2: video (video/webm) ──────────────────────────────────────────────────────────────
    ../test-results/forms-fixed-Form-Testing---1f349-Page-LocalSEO-ContactDialog-firefox/video.webm
    ────────────────────────────────────────────────────────────────────────────────────────────────

    Error Context: ../test-results/forms-fixed-Form-Testing---1f349-Page-LocalSEO-ContactDialog-firefox/error-context.md

    Retry #1 ───────────────────────────────────────────────────────────────────────────────────────

    Error: expect(locator).toBeVisible() failed

    Locator:  locator('button').filter({ hasText: /Get.*Started|Contact|Schedule/ }).first()
    Expected: visible
    Received: <element(s) not found>
    Timeout:  10000ms

    Call log:
      - Expect "toBeVisible" with timeout 10000ms
      - waiting for locator('button').filter({ hasText: /Get.*Started|Contact|Schedule/ }).first()


      275 |       
      276 |       const contactButton = page.locator('button').filter({ hasText: /Get.*Started|Contact|Schedule/ }).first();
    > 277 |       await expect(contactButton).toBeVisible({ timeout: 10000 });
          |                                   ^
      278 |       await contactButton.click();
      279 |       
      280 |       const dialog = page.locator('[role="dialog"]');
        at /root/dev/joel-hinton-website/tests/forms-fixed.spec.ts:277:35

    attachment #1: screenshot (image/png) ──────────────────────────────────────────────────────────
    ../test-results/forms-fixed-Form-Testing---1f349-Page-LocalSEO-ContactDialog-firefox-retry1/test-failed-1.png
    ────────────────────────────────────────────────────────────────────────────────────────────────

    attachment #2: video (video/webm) ──────────────────────────────────────────────────────────────
    ../test-results/forms-fixed-Form-Testing---1f349-Page-LocalSEO-ContactDialog-firefox-retry1/video.webm
    ────────────────────────────────────────────────────────────────────────────────────────────────

    Error Context: ../test-results/forms-fixed-Form-Testing---1f349-Page-LocalSEO-ContactDialog-firefox-retry1/error-context.md

    attachment #4: trace (application/zip) ─────────────────────────────────────────────────────────
    ../test-results/forms-fixed-Form-Testing---1f349-Page-LocalSEO-ContactDialog-firefox-retry1/trace.zip
    Usage:

        npx playwright show-trace ../test-results/forms-fixed-Form-Testing---1f349-Page-LocalSEO-ContactDialog-firefox-retry1/trace.zip

    ────────────────────────────────────────────────────────────────────────────────────────────────
]]>
</failure>
<system-out>
<![CDATA[Testing LocalSEO page...

[[ATTACHMENT|forms-fixed-Form-Testing---1f349-Page-LocalSEO-ContactDialog-firefox/test-failed-1.png]]

[[ATTACHMENT|forms-fixed-Form-Testing---1f349-Page-LocalSEO-ContactDialog-firefox/video.webm]]

[[ATTACHMENT|forms-fixed-Form-Testing---1f349-Page-LocalSEO-ContactDialog-firefox/error-context.md]]
Testing LocalSEO page...

[[ATTACHMENT|forms-fixed-Form-Testing---1f349-Page-LocalSEO-ContactDialog-firefox-retry1/test-failed-1.png]]

[[ATTACHMENT|forms-fixed-Form-Testing---1f349-Page-LocalSEO-ContactDialog-firefox-retry1/video.webm]]

[[ATTACHMENT|forms-fixed-Form-Testing---1f349-Page-LocalSEO-ContactDialog-firefox-retry1/error-context.md]]

[[ATTACHMENT|forms-fixed-Form-Testing---1f349-Page-LocalSEO-ContactDialog-firefox-retry1/trace.zip]]
]]>
</system-out>
</testcase>
<testcase name="Form Testing - Fixed Selectors and Timeouts › 5. Contact.tsx - Standard ContactDialog › Contact Page Standard Form" classname="forms-fixed.spec.ts" time="26.906">
<failure message="forms-fixed.spec.ts:306:5 Contact Page Standard Form" type="FAILURE">
<![CDATA[  [firefox] › forms-fixed.spec.ts:306:5 › Form Testing - Fixed Selectors and Timeouts › 5. Contact.tsx - Standard ContactDialog › Contact Page Standard Form 

    Error: expect(locator).toBeVisible() failed

    Locator:  locator('[role="dialog"]')
    Expected: visible
    Received: <element(s) not found>
    Timeout:  10000ms

    Call log:
      - Expect "toBeVisible" with timeout 10000ms
      - waiting for locator('[role="dialog"]')


      314 |       
      315 |       const dialog = page.locator('[role="dialog"]');
    > 316 |       await expect(dialog).toBeVisible({ timeout: 10000 });
          |                            ^
      317 |       
      318 |       // Test invalid email validation
      319 |       console.log('Testing email validation...');
        at /root/dev/joel-hinton-website/tests/forms-fixed.spec.ts:316:28

    attachment #1: screenshot (image/png) ──────────────────────────────────────────────────────────
    ../test-results/forms-fixed-Form-Testing---9d296--Contact-Page-Standard-Form-firefox/test-failed-1.png
    ────────────────────────────────────────────────────────────────────────────────────────────────

    attachment #2: video (video/webm) ──────────────────────────────────────────────────────────────
    ../test-results/forms-fixed-Form-Testing---9d296--Contact-Page-Standard-Form-firefox/video.webm
    ────────────────────────────────────────────────────────────────────────────────────────────────

    Error Context: ../test-results/forms-fixed-Form-Testing---9d296--Contact-Page-Standard-Form-firefox/error-context.md

    Retry #1 ───────────────────────────────────────────────────────────────────────────────────────

    Error: expect(locator).toBeVisible() failed

    Locator:  locator('[role="dialog"]')
    Expected: visible
    Received: <element(s) not found>
    Timeout:  10000ms

    Call log:
      - Expect "toBeVisible" with timeout 10000ms
      - waiting for locator('[role="dialog"]')


      314 |       
      315 |       const dialog = page.locator('[role="dialog"]');
    > 316 |       await expect(dialog).toBeVisible({ timeout: 10000 });
          |                            ^
      317 |       
      318 |       // Test invalid email validation
      319 |       console.log('Testing email validation...');
        at /root/dev/joel-hinton-website/tests/forms-fixed.spec.ts:316:28

    attachment #1: screenshot (image/png) ──────────────────────────────────────────────────────────
    ../test-results/forms-fixed-Form-Testing---9d296--Contact-Page-Standard-Form-firefox-retry1/test-failed-1.png
    ────────────────────────────────────────────────────────────────────────────────────────────────

    attachment #2: video (video/webm) ──────────────────────────────────────────────────────────────
    ../test-results/forms-fixed-Form-Testing---9d296--Contact-Page-Standard-Form-firefox-retry1/video.webm
    ────────────────────────────────────────────────────────────────────────────────────────────────

    Error Context: ../test-results/forms-fixed-Form-Testing---9d296--Contact-Page-Standard-Form-firefox-retry1/error-context.md

    attachment #4: trace (application/zip) ─────────────────────────────────────────────────────────
    ../test-results/forms-fixed-Form-Testing---9d296--Contact-Page-Standard-Form-firefox-retry1/trace.zip
    Usage:

        npx playwright show-trace ../test-results/forms-fixed-Form-Testing---9d296--Contact-Page-Standard-Form-firefox-retry1/trace.zip

    ────────────────────────────────────────────────────────────────────────────────────────────────
]]>
</failure>
<system-out>
<![CDATA[Testing Contact page...

[[ATTACHMENT|forms-fixed-Form-Testing---9d296--Contact-Page-Standard-Form-firefox/test-failed-1.png]]

[[ATTACHMENT|forms-fixed-Form-Testing---9d296--Contact-Page-Standard-Form-firefox/video.webm]]

[[ATTACHMENT|forms-fixed-Form-Testing---9d296--Contact-Page-Standard-Form-firefox/error-context.md]]
Testing Contact page...

[[ATTACHMENT|forms-fixed-Form-Testing---9d296--Contact-Page-Standard-Form-firefox-retry1/test-failed-1.png]]

[[ATTACHMENT|forms-fixed-Form-Testing---9d296--Contact-Page-Standard-Form-firefox-retry1/video.webm]]

[[ATTACHMENT|forms-fixed-Form-Testing---9d296--Contact-Page-Standard-Form-firefox-retry1/error-context.md]]

[[ATTACHMENT|forms-fixed-Form-Testing---9d296--Contact-Page-Standard-Form-firefox-retry1/trace.zip]]
]]>
</system-out>
</testcase>
<testcase name="Form Testing - Fixed Selectors and Timeouts › Error Handling and Edge Cases › Form Submission Error Handling" classname="forms-fixed.spec.ts" time="36.967">
<failure message="forms-fixed.spec.ts:353:5 Form Submission Error Handling" type="FAILURE">
<![CDATA[  [firefox] › forms-fixed.spec.ts:353:5 › Form Testing - Fixed Selectors and Timeouts › Error Handling and Edge Cases › Form Submission Error Handling 

    TimeoutError: locator.click: Timeout 15000ms exceeded.
    Call log:
      - waiting for locator('button').filter({ hasText: /Contact|Get.*Started/ }).first()


      357 |       
      358 |       const contactButton = page.locator('button').filter({ hasText: /Contact|Get.*Started/ }).first();
    > 359 |       await contactButton.click();
          |                           ^
      360 |       
      361 |       const dialog = page.locator('[role="dialog"]');
      362 |       await expect(dialog).toBeVisible({ timeout: 10000 });
        at /root/dev/joel-hinton-website/tests/forms-fixed.spec.ts:359:27

    attachment #1: screenshot (image/png) ──────────────────────────────────────────────────────────
    ../test-results/forms-fixed-Form-Testing---128d6-m-Submission-Error-Handling-firefox/test-failed-1.png
    ────────────────────────────────────────────────────────────────────────────────────────────────

    attachment #2: video (video/webm) ──────────────────────────────────────────────────────────────
    ../test-results/forms-fixed-Form-Testing---128d6-m-Submission-Error-Handling-firefox/video.webm
    ────────────────────────────────────────────────────────────────────────────────────────────────

    Error Context: ../test-results/forms-fixed-Form-Testing---128d6-m-Submission-Error-Handling-firefox/error-context.md

    Retry #1 ───────────────────────────────────────────────────────────────────────────────────────

    TimeoutError: locator.click: Timeout 15000ms exceeded.
    Call log:
      - waiting for locator('button').filter({ hasText: /Contact|Get.*Started/ }).first()


      357 |       
      358 |       const contactButton = page.locator('button').filter({ hasText: /Contact|Get.*Started/ }).first();
    > 359 |       await contactButton.click();
          |                           ^
      360 |       
      361 |       const dialog = page.locator('[role="dialog"]');
      362 |       await expect(dialog).toBeVisible({ timeout: 10000 });
        at /root/dev/joel-hinton-website/tests/forms-fixed.spec.ts:359:27

    attachment #1: screenshot (image/png) ──────────────────────────────────────────────────────────
    ../test-results/forms-fixed-Form-Testing---128d6-m-Submission-Error-Handling-firefox-retry1/test-failed-1.png
    ────────────────────────────────────────────────────────────────────────────────────────────────

    attachment #2: video (video/webm) ──────────────────────────────────────────────────────────────
    ../test-results/forms-fixed-Form-Testing---128d6-m-Submission-Error-Handling-firefox-retry1/video.webm
    ────────────────────────────────────────────────────────────────────────────────────────────────

    Error Context: ../test-results/forms-fixed-Form-Testing---128d6-m-Submission-Error-Handling-firefox-retry1/error-context.md

    attachment #4: trace (application/zip) ─────────────────────────────────────────────────────────
    ../test-results/forms-fixed-Form-Testing---128d6-m-Submission-Error-Handling-firefox-retry1/trace.zip
    Usage:

        npx playwright show-trace ../test-results/forms-fixed-Form-Testing---128d6-m-Submission-Error-Handling-firefox-retry1/trace.zip

    ────────────────────────────────────────────────────────────────────────────────────────────────
]]>
</failure>
<system-out>
<![CDATA[Testing error handling...

[[ATTACHMENT|forms-fixed-Form-Testing---128d6-m-Submission-Error-Handling-firefox/test-failed-1.png]]

[[ATTACHMENT|forms-fixed-Form-Testing---128d6-m-Submission-Error-Handling-firefox/video.webm]]

[[ATTACHMENT|forms-fixed-Form-Testing---128d6-m-Submission-Error-Handling-firefox/error-context.md]]
Testing error handling...

[[ATTACHMENT|forms-fixed-Form-Testing---128d6-m-Submission-Error-Handling-firefox-retry1/test-failed-1.png]]

[[ATTACHMENT|forms-fixed-Form-Testing---128d6-m-Submission-Error-Handling-firefox-retry1/video.webm]]

[[ATTACHMENT|forms-fixed-Form-Testing---128d6-m-Submission-Error-Handling-firefox-retry1/error-context.md]]

[[ATTACHMENT|forms-fixed-Form-Testing---128d6-m-Submission-Error-Handling-firefox-retry1/trace.zip]]
]]>
</system-out>
</testcase>
</testsuite>
<testsuite name="forms-fixed.spec.ts" timestamp="2025-09-14T23:47:18.398Z" hostname="webkit" tests="7" failures="7" skipped="0" time="0.064" errors="0">
<testcase name="Form Testing - Fixed Selectors and Timeouts › 1. Index.tsx - Homepage Forms › Hero Section Form - Complete Flow" classname="forms-fixed.spec.ts" time="0.009">
<failure message="forms-fixed.spec.ts:86:5 Hero Section Form - Complete Flow" type="FAILURE">
<![CDATA[  [webkit] › forms-fixed.spec.ts:86:5 › Form Testing - Fixed Selectors and Timeouts › 1. Index.tsx - Homepage Forms › Hero Section Form - Complete Flow 

    Error: browserType.launch: 
    ╔══════════════════════════════════════════════════════╗
    ║ Host system is missing dependencies to run browsers. ║
    ║ Missing libraries:                                   ║
    ║     libgtk-4.so.1                                    ║
    ║     libgraphene-1.0.so.0                             ║
    ║     libxslt.so.1                                     ║
    ║     libwoff2dec.so.1.0.2                             ║
    ║     libvpx.so.9                                      ║
    ║     libevent-2.1.so.7                                ║
    ║     libopus.so.0                                     ║
    ║     libgstallocators-1.0.so.0                        ║
    ║     libgstapp-1.0.so.0                               ║
    ║     libgstpbutils-1.0.so.0                           ║
    ║     libgstaudio-1.0.so.0                             ║
    ║     libgsttag-1.0.so.0                               ║
    ║     libgstvideo-1.0.so.0                             ║
    ║     libgstgl-1.0.so.0                                ║
    ║     libgstcodecparsers-1.0.so.0                      ║
    ║     libgstfft-1.0.so.0                               ║
    ║     libflite.so.1                                    ║
    ║     libflite_usenglish.so.1                          ║
    ║     libflite_cmu_grapheme_lang.so.1                  ║
    ║     libflite_cmu_grapheme_lex.so.1                   ║
    ║     libflite_cmu_indic_lang.so.1                     ║
    ║     libflite_cmu_indic_lex.so.1                      ║
    ║     libflite_cmulex.so.1                             ║
    ║     libflite_cmu_time_awb.so.1                       ║
    ║     libflite_cmu_us_awb.so.1                         ║
    ║     libflite_cmu_us_kal16.so.1                       ║
    ║     libflite_cmu_us_kal.so.1                         ║
    ║     libflite_cmu_us_rms.so.1                         ║
    ║     libflite_cmu_us_slt.so.1                         ║
    ║     libwebpdemux.so.2                                ║
    ║     libavif.so.16                                    ║
    ║     libharfbuzz-icu.so.0                             ║
    ║     libwebpmux.so.3                                  ║
    ║     libenchant-2.so.2                                ║
    ║     libsecret-1.so.0                                 ║
    ║     libhyphen.so.0                                   ║
    ║     libmanette-0.2.so.0                              ║
    ║     libx264.so                                       ║
    ╚══════════════════════════════════════════════════════╝

    Retry #1 ───────────────────────────────────────────────────────────────────────────────────────

    Error: browserType.launch: 
    ╔══════════════════════════════════════════════════════╗
    ║ Host system is missing dependencies to run browsers. ║
    ║ Missing libraries:                                   ║
    ║     libgtk-4.so.1                                    ║
    ║     libgraphene-1.0.so.0                             ║
    ║     libxslt.so.1                                     ║
    ║     libwoff2dec.so.1.0.2                             ║
    ║     libvpx.so.9                                      ║
    ║     libevent-2.1.so.7                                ║
    ║     libopus.so.0                                     ║
    ║     libgstallocators-1.0.so.0                        ║
    ║     libgstapp-1.0.so.0                               ║
    ║     libgstpbutils-1.0.so.0                           ║
    ║     libgstaudio-1.0.so.0                             ║
    ║     libgsttag-1.0.so.0                               ║
    ║     libgstvideo-1.0.so.0                             ║
    ║     libgstgl-1.0.so.0                                ║
    ║     libgstcodecparsers-1.0.so.0                      ║
    ║     libgstfft-1.0.so.0                               ║
    ║     libflite.so.1                                    ║
    ║     libflite_usenglish.so.1                          ║
    ║     libflite_cmu_grapheme_lang.so.1                  ║
    ║     libflite_cmu_grapheme_lex.so.1                   ║
    ║     libflite_cmu_indic_lang.so.1                     ║
    ║     libflite_cmu_indic_lex.so.1                      ║
    ║     libflite_cmulex.so.1                             ║
    ║     libflite_cmu_time_awb.so.1                       ║
    ║     libflite_cmu_us_awb.so.1                         ║
    ║     libflite_cmu_us_kal16.so.1                       ║
    ║     libflite_cmu_us_kal.so.1                         ║
    ║     libflite_cmu_us_rms.so.1                         ║
    ║     libflite_cmu_us_slt.so.1                         ║
    ║     libwebpdemux.so.2                                ║
    ║     libavif.so.16                                    ║
    ║     libharfbuzz-icu.so.0                             ║
    ║     libwebpmux.so.3                                  ║
    ║     libenchant-2.so.2                                ║
    ║     libsecret-1.so.0                                 ║
    ║     libhyphen.so.0                                   ║
    ║     libmanette-0.2.so.0                              ║
    ║     libx264.so                                       ║
    ╚══════════════════════════════════════════════════════╝

    attachment #1: trace (application/zip) ─────────────────────────────────────────────────────────
    ../test-results/forms-fixed-Form-Testing---cf115-ection-Form---Complete-Flow-webkit-retry1/trace.zip
    Usage:

        npx playwright show-trace ../test-results/forms-fixed-Form-Testing---cf115-ection-Form---Complete-Flow-webkit-retry1/trace.zip

    ────────────────────────────────────────────────────────────────────────────────────────────────
]]>
</failure>
<system-out>
<![CDATA[
[[ATTACHMENT|forms-fixed-Form-Testing---cf115-ection-Form---Complete-Flow-webkit-retry1/trace.zip]]
]]>
</system-out>
</testcase>
<testcase name="Form Testing - Fixed Selectors and Timeouts › 1. Index.tsx - Homepage Forms › ContactDialog Form on Homepage" classname="forms-fixed.spec.ts" time="0.01">
<failure message="forms-fixed.spec.ts:151:5 ContactDialog Form on Homepage" type="FAILURE">
<![CDATA[  [webkit] › forms-fixed.spec.ts:151:5 › Form Testing - Fixed Selectors and Timeouts › 1. Index.tsx - Homepage Forms › ContactDialog Form on Homepage 

    Error: browserType.launch: 
    ╔══════════════════════════════════════════════════════╗
    ║ Host system is missing dependencies to run browsers. ║
    ║ Missing libraries:                                   ║
    ║     libgtk-4.so.1                                    ║
    ║     libgraphene-1.0.so.0                             ║
    ║     libxslt.so.1                                     ║
    ║     libwoff2dec.so.1.0.2                             ║
    ║     libvpx.so.9                                      ║
    ║     libevent-2.1.so.7                                ║
    ║     libopus.so.0                                     ║
    ║     libgstallocators-1.0.so.0                        ║
    ║     libgstapp-1.0.so.0                               ║
    ║     libgstpbutils-1.0.so.0                           ║
    ║     libgstaudio-1.0.so.0                             ║
    ║     libgsttag-1.0.so.0                               ║
    ║     libgstvideo-1.0.so.0                             ║
    ║     libgstgl-1.0.so.0                                ║
    ║     libgstcodecparsers-1.0.so.0                      ║
    ║     libgstfft-1.0.so.0                               ║
    ║     libflite.so.1                                    ║
    ║     libflite_usenglish.so.1                          ║
    ║     libflite_cmu_grapheme_lang.so.1                  ║
    ║     libflite_cmu_grapheme_lex.so.1                   ║
    ║     libflite_cmu_indic_lang.so.1                     ║
    ║     libflite_cmu_indic_lex.so.1                      ║
    ║     libflite_cmulex.so.1                             ║
    ║     libflite_cmu_time_awb.so.1                       ║
    ║     libflite_cmu_us_awb.so.1                         ║
    ║     libflite_cmu_us_kal16.so.1                       ║
    ║     libflite_cmu_us_kal.so.1                         ║
    ║     libflite_cmu_us_rms.so.1                         ║
    ║     libflite_cmu_us_slt.so.1                         ║
    ║     libwebpdemux.so.2                                ║
    ║     libavif.so.16                                    ║
    ║     libharfbuzz-icu.so.0                             ║
    ║     libwebpmux.so.3                                  ║
    ║     libenchant-2.so.2                                ║
    ║     libsecret-1.so.0                                 ║
    ║     libhyphen.so.0                                   ║
    ║     libmanette-0.2.so.0                              ║
    ║     libx264.so                                       ║
    ╚══════════════════════════════════════════════════════╝

    Retry #1 ───────────────────────────────────────────────────────────────────────────────────────

    Error: browserType.launch: 
    ╔══════════════════════════════════════════════════════╗
    ║ Host system is missing dependencies to run browsers. ║
    ║ Missing libraries:                                   ║
    ║     libgtk-4.so.1                                    ║
    ║     libgraphene-1.0.so.0                             ║
    ║     libxslt.so.1                                     ║
    ║     libwoff2dec.so.1.0.2                             ║
    ║     libvpx.so.9                                      ║
    ║     libevent-2.1.so.7                                ║
    ║     libopus.so.0                                     ║
    ║     libgstallocators-1.0.so.0                        ║
    ║     libgstapp-1.0.so.0                               ║
    ║     libgstpbutils-1.0.so.0                           ║
    ║     libgstaudio-1.0.so.0                             ║
    ║     libgsttag-1.0.so.0                               ║
    ║     libgstvideo-1.0.so.0                             ║
    ║     libgstgl-1.0.so.0                                ║
    ║     libgstcodecparsers-1.0.so.0                      ║
    ║     libgstfft-1.0.so.0                               ║
    ║     libflite.so.1                                    ║
    ║     libflite_usenglish.so.1                          ║
    ║     libflite_cmu_grapheme_lang.so.1                  ║
    ║     libflite_cmu_grapheme_lex.so.1                   ║
    ║     libflite_cmu_indic_lang.so.1                     ║
    ║     libflite_cmu_indic_lex.so.1                      ║
    ║     libflite_cmulex.so.1                             ║
    ║     libflite_cmu_time_awb.so.1                       ║
    ║     libflite_cmu_us_awb.so.1                         ║
    ║     libflite_cmu_us_kal16.so.1                       ║
    ║     libflite_cmu_us_kal.so.1                         ║
    ║     libflite_cmu_us_rms.so.1                         ║
    ║     libflite_cmu_us_slt.so.1                         ║
    ║     libwebpdemux.so.2                                ║
    ║     libavif.so.16                                    ║
    ║     libharfbuzz-icu.so.0                             ║
    ║     libwebpmux.so.3                                  ║
    ║     libenchant-2.so.2                                ║
    ║     libsecret-1.so.0                                 ║
    ║     libhyphen.so.0                                   ║
    ║     libmanette-0.2.so.0                              ║
    ║     libx264.so                                       ║
    ╚══════════════════════════════════════════════════════╝

    attachment #1: trace (application/zip) ─────────────────────────────────────────────────────────
    ../test-results/forms-fixed-Form-Testing---75fe0-tactDialog-Form-on-Homepage-webkit-retry1/trace.zip
    Usage:

        npx playwright show-trace ../test-results/forms-fixed-Form-Testing---75fe0-tactDialog-Form-on-Homepage-webkit-retry1/trace.zip

    ────────────────────────────────────────────────────────────────────────────────────────────────
]]>
</failure>
<system-out>
<![CDATA[
[[ATTACHMENT|forms-fixed-Form-Testing---75fe0-tactDialog-Form-on-Homepage-webkit-retry1/trace.zip]]
]]>
</system-out>
</testcase>
<testcase name="Form Testing - Fixed Selectors and Timeouts › 2. HealthcareMarketing.tsx - Industry-Specific › Healthcare ContactDialog with Industry Business Types" classname="forms-fixed.spec.ts" time="0.009">
<failure message="forms-fixed.spec.ts:206:5 Healthcare ContactDialog with Industry Business Types" type="FAILURE">
<![CDATA[  [webkit] › forms-fixed.spec.ts:206:5 › Form Testing - Fixed Selectors and Timeouts › 2. HealthcareMarketing.tsx - Industry-Specific › Healthcare ContactDialog with Industry Business Types 

    Error: browserType.launch: 
    ╔══════════════════════════════════════════════════════╗
    ║ Host system is missing dependencies to run browsers. ║
    ║ Missing libraries:                                   ║
    ║     libgtk-4.so.1                                    ║
    ║     libgraphene-1.0.so.0                             ║
    ║     libxslt.so.1                                     ║
    ║     libwoff2dec.so.1.0.2                             ║
    ║     libvpx.so.9                                      ║
    ║     libevent-2.1.so.7                                ║
    ║     libopus.so.0                                     ║
    ║     libgstallocators-1.0.so.0                        ║
    ║     libgstapp-1.0.so.0                               ║
    ║     libgstpbutils-1.0.so.0                           ║
    ║     libgstaudio-1.0.so.0                             ║
    ║     libgsttag-1.0.so.0                               ║
    ║     libgstvideo-1.0.so.0                             ║
    ║     libgstgl-1.0.so.0                                ║
    ║     libgstcodecparsers-1.0.so.0                      ║
    ║     libgstfft-1.0.so.0                               ║
    ║     libflite.so.1                                    ║
    ║     libflite_usenglish.so.1                          ║
    ║     libflite_cmu_grapheme_lang.so.1                  ║
    ║     libflite_cmu_grapheme_lex.so.1                   ║
    ║     libflite_cmu_indic_lang.so.1                     ║
    ║     libflite_cmu_indic_lex.so.1                      ║
    ║     libflite_cmulex.so.1                             ║
    ║     libflite_cmu_time_awb.so.1                       ║
    ║     libflite_cmu_us_awb.so.1                         ║
    ║     libflite_cmu_us_kal16.so.1                       ║
    ║     libflite_cmu_us_kal.so.1                         ║
    ║     libflite_cmu_us_rms.so.1                         ║
    ║     libflite_cmu_us_slt.so.1                         ║
    ║     libwebpdemux.so.2                                ║
    ║     libavif.so.16                                    ║
    ║     libharfbuzz-icu.so.0                             ║
    ║     libwebpmux.so.3                                  ║
    ║     libenchant-2.so.2                                ║
    ║     libsecret-1.so.0                                 ║
    ║     libhyphen.so.0                                   ║
    ║     libmanette-0.2.so.0                              ║
    ║     libx264.so                                       ║
    ╚══════════════════════════════════════════════════════╝

    Retry #1 ───────────────────────────────────────────────────────────────────────────────────────

    Error: browserType.launch: 
    ╔══════════════════════════════════════════════════════╗
    ║ Host system is missing dependencies to run browsers. ║
    ║ Missing libraries:                                   ║
    ║     libgtk-4.so.1                                    ║
    ║     libgraphene-1.0.so.0                             ║
    ║     libxslt.so.1                                     ║
    ║     libwoff2dec.so.1.0.2                             ║
    ║     libvpx.so.9                                      ║
    ║     libevent-2.1.so.7                                ║
    ║     libopus.so.0                                     ║
    ║     libgstallocators-1.0.so.0                        ║
    ║     libgstapp-1.0.so.0                               ║
    ║     libgstpbutils-1.0.so.0                           ║
    ║     libgstaudio-1.0.so.0                             ║
    ║     libgsttag-1.0.so.0                               ║
    ║     libgstvideo-1.0.so.0                             ║
    ║     libgstgl-1.0.so.0                                ║
    ║     libgstcodecparsers-1.0.so.0                      ║
    ║     libgstfft-1.0.so.0                               ║
    ║     libflite.so.1                                    ║
    ║     libflite_usenglish.so.1                          ║
    ║     libflite_cmu_grapheme_lang.so.1                  ║
    ║     libflite_cmu_grapheme_lex.so.1                   ║
    ║     libflite_cmu_indic_lang.so.1                     ║
    ║     libflite_cmu_indic_lex.so.1                      ║
    ║     libflite_cmulex.so.1                             ║
    ║     libflite_cmu_time_awb.so.1                       ║
    ║     libflite_cmu_us_awb.so.1                         ║
    ║     libflite_cmu_us_kal16.so.1                       ║
    ║     libflite_cmu_us_kal.so.1                         ║
    ║     libflite_cmu_us_rms.so.1                         ║
    ║     libflite_cmu_us_slt.so.1                         ║
    ║     libwebpdemux.so.2                                ║
    ║     libavif.so.16                                    ║
    ║     libharfbuzz-icu.so.0                             ║
    ║     libwebpmux.so.3                                  ║
    ║     libenchant-2.so.2                                ║
    ║     libsecret-1.so.0                                 ║
    ║     libhyphen.so.0                                   ║
    ║     libmanette-0.2.so.0                              ║
    ║     libx264.so                                       ║
    ╚══════════════════════════════════════════════════════╝

    attachment #1: trace (application/zip) ─────────────────────────────────────────────────────────
    ../test-results/forms-fixed-Form-Testing---b8aa1-ith-Industry-Business-Types-webkit-retry1/trace.zip
    Usage:

        npx playwright show-trace ../test-results/forms-fixed-Form-Testing---b8aa1-ith-Industry-Business-Types-webkit-retry1/trace.zip

    ────────────────────────────────────────────────────────────────────────────────────────────────
]]>
</failure>
<system-out>
<![CDATA[
[[ATTACHMENT|forms-fixed-Form-Testing---b8aa1-ith-Industry-Business-Types-webkit-retry1/trace.zip]]
]]>
</system-out>
</testcase>
<testcase name="Form Testing - Fixed Selectors and Timeouts › 3. About.tsx - Custom Form › About Page Custom Form" classname="forms-fixed.spec.ts" time="0.008">
<failure message="forms-fixed.spec.ts:244:5 About Page Custom Form" type="FAILURE">
<![CDATA[  [webkit] › forms-fixed.spec.ts:244:5 › Form Testing - Fixed Selectors and Timeouts › 3. About.tsx - Custom Form › About Page Custom Form 

    Error: browserType.launch: 
    ╔══════════════════════════════════════════════════════╗
    ║ Host system is missing dependencies to run browsers. ║
    ║ Missing libraries:                                   ║
    ║     libgtk-4.so.1                                    ║
    ║     libgraphene-1.0.so.0                             ║
    ║     libxslt.so.1                                     ║
    ║     libwoff2dec.so.1.0.2                             ║
    ║     libvpx.so.9                                      ║
    ║     libevent-2.1.so.7                                ║
    ║     libopus.so.0                                     ║
    ║     libgstallocators-1.0.so.0                        ║
    ║     libgstapp-1.0.so.0                               ║
    ║     libgstpbutils-1.0.so.0                           ║
    ║     libgstaudio-1.0.so.0                             ║
    ║     libgsttag-1.0.so.0                               ║
    ║     libgstvideo-1.0.so.0                             ║
    ║     libgstgl-1.0.so.0                                ║
    ║     libgstcodecparsers-1.0.so.0                      ║
    ║     libgstfft-1.0.so.0                               ║
    ║     libflite.so.1                                    ║
    ║     libflite_usenglish.so.1                          ║
    ║     libflite_cmu_grapheme_lang.so.1                  ║
    ║     libflite_cmu_grapheme_lex.so.1                   ║
    ║     libflite_cmu_indic_lang.so.1                     ║
    ║     libflite_cmu_indic_lex.so.1                      ║
    ║     libflite_cmulex.so.1                             ║
    ║     libflite_cmu_time_awb.so.1                       ║
    ║     libflite_cmu_us_awb.so.1                         ║
    ║     libflite_cmu_us_kal16.so.1                       ║
    ║     libflite_cmu_us_kal.so.1                         ║
    ║     libflite_cmu_us_rms.so.1                         ║
    ║     libflite_cmu_us_slt.so.1                         ║
    ║     libwebpdemux.so.2                                ║
    ║     libavif.so.16                                    ║
    ║     libharfbuzz-icu.so.0                             ║
    ║     libwebpmux.so.3                                  ║
    ║     libenchant-2.so.2                                ║
    ║     libsecret-1.so.0                                 ║
    ║     libhyphen.so.0                                   ║
    ║     libmanette-0.2.so.0                              ║
    ║     libx264.so                                       ║
    ╚══════════════════════════════════════════════════════╝

    Retry #1 ───────────────────────────────────────────────────────────────────────────────────────

    Error: browserType.launch: 
    ╔══════════════════════════════════════════════════════╗
    ║ Host system is missing dependencies to run browsers. ║
    ║ Missing libraries:                                   ║
    ║     libgtk-4.so.1                                    ║
    ║     libgraphene-1.0.so.0                             ║
    ║     libxslt.so.1                                     ║
    ║     libwoff2dec.so.1.0.2                             ║
    ║     libvpx.so.9                                      ║
    ║     libevent-2.1.so.7                                ║
    ║     libopus.so.0                                     ║
    ║     libgstallocators-1.0.so.0                        ║
    ║     libgstapp-1.0.so.0                               ║
    ║     libgstpbutils-1.0.so.0                           ║
    ║     libgstaudio-1.0.so.0                             ║
    ║     libgsttag-1.0.so.0                               ║
    ║     libgstvideo-1.0.so.0                             ║
    ║     libgstgl-1.0.so.0                                ║
    ║     libgstcodecparsers-1.0.so.0                      ║
    ║     libgstfft-1.0.so.0                               ║
    ║     libflite.so.1                                    ║
    ║     libflite_usenglish.so.1                          ║
    ║     libflite_cmu_grapheme_lang.so.1                  ║
    ║     libflite_cmu_grapheme_lex.so.1                   ║
    ║     libflite_cmu_indic_lang.so.1                     ║
    ║     libflite_cmu_indic_lex.so.1                      ║
    ║     libflite_cmulex.so.1                             ║
    ║     libflite_cmu_time_awb.so.1                       ║
    ║     libflite_cmu_us_awb.so.1                         ║
    ║     libflite_cmu_us_kal16.so.1                       ║
    ║     libflite_cmu_us_kal.so.1                         ║
    ║     libflite_cmu_us_rms.so.1                         ║
    ║     libflite_cmu_us_slt.so.1                         ║
    ║     libwebpdemux.so.2                                ║
    ║     libavif.so.16                                    ║
    ║     libharfbuzz-icu.so.0                             ║
    ║     libwebpmux.so.3                                  ║
    ║     libenchant-2.so.2                                ║
    ║     libsecret-1.so.0                                 ║
    ║     libhyphen.so.0                                   ║
    ║     libmanette-0.2.so.0                              ║
    ║     libx264.so                                       ║
    ╚══════════════════════════════════════════════════════╝

    attachment #1: trace (application/zip) ─────────────────────────────────────────────────────────
    ../test-results/forms-fixed-Form-Testing---26419-Form-About-Page-Custom-Form-webkit-retry1/trace.zip
    Usage:

        npx playwright show-trace ../test-results/forms-fixed-Form-Testing---26419-Form-About-Page-Custom-Form-webkit-retry1/trace.zip

    ────────────────────────────────────────────────────────────────────────────────────────────────
]]>
</failure>
<system-out>
<![CDATA[
[[ATTACHMENT|forms-fixed-Form-Testing---26419-Form-About-Page-Custom-Form-webkit-retry1/trace.zip]]
]]>
</system-out>
</testcase>
<testcase name="Form Testing - Fixed Selectors and Timeouts › 4. LocalSEO.tsx - Hybrid Page › LocalSEO ContactDialog" classname="forms-fixed.spec.ts" time="0.008">
<failure message="forms-fixed.spec.ts:271:5 LocalSEO ContactDialog" type="FAILURE">
<![CDATA[  [webkit] › forms-fixed.spec.ts:271:5 › Form Testing - Fixed Selectors and Timeouts › 4. LocalSEO.tsx - Hybrid Page › LocalSEO ContactDialog 

    Error: browserType.launch: 
    ╔══════════════════════════════════════════════════════╗
    ║ Host system is missing dependencies to run browsers. ║
    ║ Missing libraries:                                   ║
    ║     libgtk-4.so.1                                    ║
    ║     libgraphene-1.0.so.0                             ║
    ║     libxslt.so.1                                     ║
    ║     libwoff2dec.so.1.0.2                             ║
    ║     libvpx.so.9                                      ║
    ║     libevent-2.1.so.7                                ║
    ║     libopus.so.0                                     ║
    ║     libgstallocators-1.0.so.0                        ║
    ║     libgstapp-1.0.so.0                               ║
    ║     libgstpbutils-1.0.so.0                           ║
    ║     libgstaudio-1.0.so.0                             ║
    ║     libgsttag-1.0.so.0                               ║
    ║     libgstvideo-1.0.so.0                             ║
    ║     libgstgl-1.0.so.0                                ║
    ║     libgstcodecparsers-1.0.so.0                      ║
    ║     libgstfft-1.0.so.0                               ║
    ║     libflite.so.1                                    ║
    ║     libflite_usenglish.so.1                          ║
    ║     libflite_cmu_grapheme_lang.so.1                  ║
    ║     libflite_cmu_grapheme_lex.so.1                   ║
    ║     libflite_cmu_indic_lang.so.1                     ║
    ║     libflite_cmu_indic_lex.so.1                      ║
    ║     libflite_cmulex.so.1                             ║
    ║     libflite_cmu_time_awb.so.1                       ║
    ║     libflite_cmu_us_awb.so.1                         ║
    ║     libflite_cmu_us_kal16.so.1                       ║
    ║     libflite_cmu_us_kal.so.1                         ║
    ║     libflite_cmu_us_rms.so.1                         ║
    ║     libflite_cmu_us_slt.so.1                         ║
    ║     libwebpdemux.so.2                                ║
    ║     libavif.so.16                                    ║
    ║     libharfbuzz-icu.so.0                             ║
    ║     libwebpmux.so.3                                  ║
    ║     libenchant-2.so.2                                ║
    ║     libsecret-1.so.0                                 ║
    ║     libhyphen.so.0                                   ║
    ║     libmanette-0.2.so.0                              ║
    ║     libx264.so                                       ║
    ╚══════════════════════════════════════════════════════╝

    Retry #1 ───────────────────────────────────────────────────────────────────────────────────────

    Error: browserType.launch: 
    ╔══════════════════════════════════════════════════════╗
    ║ Host system is missing dependencies to run browsers. ║
    ║ Missing libraries:                                   ║
    ║     libgtk-4.so.1                                    ║
    ║     libgraphene-1.0.so.0                             ║
    ║     libxslt.so.1                                     ║
    ║     libwoff2dec.so.1.0.2                             ║
    ║     libvpx.so.9                                      ║
    ║     libevent-2.1.so.7                                ║
    ║     libopus.so.0                                     ║
    ║     libgstallocators-1.0.so.0                        ║
    ║     libgstapp-1.0.so.0                               ║
    ║     libgstpbutils-1.0.so.0                           ║
    ║     libgstaudio-1.0.so.0                             ║
    ║     libgsttag-1.0.so.0                               ║
    ║     libgstvideo-1.0.so.0                             ║
    ║     libgstgl-1.0.so.0                                ║
    ║     libgstcodecparsers-1.0.so.0                      ║
    ║     libgstfft-1.0.so.0                               ║
    ║     libflite.so.1                                    ║
    ║     libflite_usenglish.so.1                          ║
    ║     libflite_cmu_grapheme_lang.so.1                  ║
    ║     libflite_cmu_grapheme_lex.so.1                   ║
    ║     libflite_cmu_indic_lang.so.1                     ║
    ║     libflite_cmu_indic_lex.so.1                      ║
    ║     libflite_cmulex.so.1                             ║
    ║     libflite_cmu_time_awb.so.1                       ║
    ║     libflite_cmu_us_awb.so.1                         ║
    ║     libflite_cmu_us_kal16.so.1                       ║
    ║     libflite_cmu_us_kal.so.1                         ║
    ║     libflite_cmu_us_rms.so.1                         ║
    ║     libflite_cmu_us_slt.so.1                         ║
    ║     libwebpdemux.so.2                                ║
    ║     libavif.so.16                                    ║
    ║     libharfbuzz-icu.so.0                             ║
    ║     libwebpmux.so.3                                  ║
    ║     libenchant-2.so.2                                ║
    ║     libsecret-1.so.0                                 ║
    ║     libhyphen.so.0                                   ║
    ║     libmanette-0.2.so.0                              ║
    ║     libx264.so                                       ║
    ╚══════════════════════════════════════════════════════╝

    attachment #1: trace (application/zip) ─────────────────────────────────────────────────────────
    ../test-results/forms-fixed-Form-Testing---1f349-Page-LocalSEO-ContactDialog-webkit-retry1/trace.zip
    Usage:

        npx playwright show-trace ../test-results/forms-fixed-Form-Testing---1f349-Page-LocalSEO-ContactDialog-webkit-retry1/trace.zip

    ────────────────────────────────────────────────────────────────────────────────────────────────
]]>
</failure>
<system-out>
<![CDATA[
[[ATTACHMENT|forms-fixed-Form-Testing---1f349-Page-LocalSEO-ContactDialog-webkit-retry1/trace.zip]]
]]>
</system-out>
</testcase>
<testcase name="Form Testing - Fixed Selectors and Timeouts › 5. Contact.tsx - Standard ContactDialog › Contact Page Standard Form" classname="forms-fixed.spec.ts" time="0.009">
<failure message="forms-fixed.spec.ts:306:5 Contact Page Standard Form" type="FAILURE">
<![CDATA[  [webkit] › forms-fixed.spec.ts:306:5 › Form Testing - Fixed Selectors and Timeouts › 5. Contact.tsx - Standard ContactDialog › Contact Page Standard Form 

    Error: browserType.launch: 
    ╔══════════════════════════════════════════════════════╗
    ║ Host system is missing dependencies to run browsers. ║
    ║ Missing libraries:                                   ║
    ║     libgtk-4.so.1                                    ║
    ║     libgraphene-1.0.so.0                             ║
    ║     libxslt.so.1                                     ║
    ║     libwoff2dec.so.1.0.2                             ║
    ║     libvpx.so.9                                      ║
    ║     libevent-2.1.so.7                                ║
    ║     libopus.so.0                                     ║
    ║     libgstallocators-1.0.so.0                        ║
    ║     libgstapp-1.0.so.0                               ║
    ║     libgstpbutils-1.0.so.0                           ║
    ║     libgstaudio-1.0.so.0                             ║
    ║     libgsttag-1.0.so.0                               ║
    ║     libgstvideo-1.0.so.0                             ║
    ║     libgstgl-1.0.so.0                                ║
    ║     libgstcodecparsers-1.0.so.0                      ║
    ║     libgstfft-1.0.so.0                               ║
    ║     libflite.so.1                                    ║
    ║     libflite_usenglish.so.1                          ║
    ║     libflite_cmu_grapheme_lang.so.1                  ║
    ║     libflite_cmu_grapheme_lex.so.1                   ║
    ║     libflite_cmu_indic_lang.so.1                     ║
    ║     libflite_cmu_indic_lex.so.1                      ║
    ║     libflite_cmulex.so.1                             ║
    ║     libflite_cmu_time_awb.so.1                       ║
    ║     libflite_cmu_us_awb.so.1                         ║
    ║     libflite_cmu_us_kal16.so.1                       ║
    ║     libflite_cmu_us_kal.so.1                         ║
    ║     libflite_cmu_us_rms.so.1                         ║
    ║     libflite_cmu_us_slt.so.1                         ║
    ║     libwebpdemux.so.2                                ║
    ║     libavif.so.16                                    ║
    ║     libharfbuzz-icu.so.0                             ║
    ║     libwebpmux.so.3                                  ║
    ║     libenchant-2.so.2                                ║
    ║     libsecret-1.so.0                                 ║
    ║     libhyphen.so.0                                   ║
    ║     libmanette-0.2.so.0                              ║
    ║     libx264.so                                       ║
    ╚══════════════════════════════════════════════════════╝

    Retry #1 ───────────────────────────────────────────────────────────────────────────────────────

    Error: browserType.launch: 
    ╔══════════════════════════════════════════════════════╗
    ║ Host system is missing dependencies to run browsers. ║
    ║ Missing libraries:                                   ║
    ║     libgtk-4.so.1                                    ║
    ║     libgraphene-1.0.so.0                             ║
    ║     libxslt.so.1                                     ║
    ║     libwoff2dec.so.1.0.2                             ║
    ║     libvpx.so.9                                      ║
    ║     libevent-2.1.so.7                                ║
    ║     libopus.so.0                                     ║
    ║     libgstallocators-1.0.so.0                        ║
    ║     libgstapp-1.0.so.0                               ║
    ║     libgstpbutils-1.0.so.0                           ║
    ║     libgstaudio-1.0.so.0                             ║
    ║     libgsttag-1.0.so.0                               ║
    ║     libgstvideo-1.0.so.0                             ║
    ║     libgstgl-1.0.so.0                                ║
    ║     libgstcodecparsers-1.0.so.0                      ║
    ║     libgstfft-1.0.so.0                               ║
    ║     libflite.so.1                                    ║
    ║     libflite_usenglish.so.1                          ║
    ║     libflite_cmu_grapheme_lang.so.1                  ║
    ║     libflite_cmu_grapheme_lex.so.1                   ║
    ║     libflite_cmu_indic_lang.so.1                     ║
    ║     libflite_cmu_indic_lex.so.1                      ║
    ║     libflite_cmulex.so.1                             ║
    ║     libflite_cmu_time_awb.so.1                       ║
    ║     libflite_cmu_us_awb.so.1                         ║
    ║     libflite_cmu_us_kal16.so.1                       ║
    ║     libflite_cmu_us_kal.so.1                         ║
    ║     libflite_cmu_us_rms.so.1                         ║
    ║     libflite_cmu_us_slt.so.1                         ║
    ║     libwebpdemux.so.2                                ║
    ║     libavif.so.16                                    ║
    ║     libharfbuzz-icu.so.0                             ║
    ║     libwebpmux.so.3                                  ║
    ║     libenchant-2.so.2                                ║
    ║     libsecret-1.so.0                                 ║
    ║     libhyphen.so.0                                   ║
    ║     libmanette-0.2.so.0                              ║
    ║     libx264.so                                       ║
    ╚══════════════════════════════════════════════════════╝

    attachment #1: trace (application/zip) ─────────────────────────────────────────────────────────
    ../test-results/forms-fixed-Form-Testing---9d296--Contact-Page-Standard-Form-webkit-retry1/trace.zip
    Usage:

        npx playwright show-trace ../test-results/forms-fixed-Form-Testing---9d296--Contact-Page-Standard-Form-webkit-retry1/trace.zip

    ────────────────────────────────────────────────────────────────────────────────────────────────
]]>
</failure>
<system-out>
<![CDATA[
[[ATTACHMENT|forms-fixed-Form-Testing---9d296--Contact-Page-Standard-Form-webkit-retry1/trace.zip]]
]]>
</system-out>
</testcase>
<testcase name="Form Testing - Fixed Selectors and Timeouts › Error Handling and Edge Cases › Form Submission Error Handling" classname="forms-fixed.spec.ts" time="0.011">
<failure message="forms-fixed.spec.ts:353:5 Form Submission Error Handling" type="FAILURE">
<![CDATA[  [webkit] › forms-fixed.spec.ts:353:5 › Form Testing - Fixed Selectors and Timeouts › Error Handling and Edge Cases › Form Submission Error Handling 

    Error: browserType.launch: 
    ╔══════════════════════════════════════════════════════╗
    ║ Host system is missing dependencies to run browsers. ║
    ║ Missing libraries:                                   ║
    ║     libgtk-4.so.1                                    ║
    ║     libgraphene-1.0.so.0                             ║
    ║     libxslt.so.1                                     ║
    ║     libwoff2dec.so.1.0.2                             ║
    ║     libvpx.so.9                                      ║
    ║     libevent-2.1.so.7                                ║
    ║     libopus.so.0                                     ║
    ║     libgstallocators-1.0.so.0                        ║
    ║     libgstapp-1.0.so.0                               ║
    ║     libgstpbutils-1.0.so.0                           ║
    ║     libgstaudio-1.0.so.0                             ║
    ║     libgsttag-1.0.so.0                               ║
    ║     libgstvideo-1.0.so.0                             ║
    ║     libgstgl-1.0.so.0                                ║
    ║     libgstcodecparsers-1.0.so.0                      ║
    ║     libgstfft-1.0.so.0                               ║
    ║     libflite.so.1                                    ║
    ║     libflite_usenglish.so.1                          ║
    ║     libflite_cmu_grapheme_lang.so.1                  ║
    ║     libflite_cmu_grapheme_lex.so.1                   ║
    ║     libflite_cmu_indic_lang.so.1                     ║
    ║     libflite_cmu_indic_lex.so.1                      ║
    ║     libflite_cmulex.so.1                             ║
    ║     libflite_cmu_time_awb.so.1                       ║
    ║     libflite_cmu_us_awb.so.1                         ║
    ║     libflite_cmu_us_kal16.so.1                       ║
    ║     libflite_cmu_us_kal.so.1                         ║
    ║     libflite_cmu_us_rms.so.1                         ║
    ║     libflite_cmu_us_slt.so.1                         ║
    ║     libwebpdemux.so.2                                ║
    ║     libavif.so.16                                    ║
    ║     libharfbuzz-icu.so.0                             ║
    ║     libwebpmux.so.3                                  ║
    ║     libenchant-2.so.2                                ║
    ║     libsecret-1.so.0                                 ║
    ║     libhyphen.so.0                                   ║
    ║     libmanette-0.2.so.0                              ║
    ║     libx264.so                                       ║
    ╚══════════════════════════════════════════════════════╝

    Retry #1 ───────────────────────────────────────────────────────────────────────────────────────

    Error: browserType.launch: 
    ╔══════════════════════════════════════════════════════╗
    ║ Host system is missing dependencies to run browsers. ║
    ║ Missing libraries:                                   ║
    ║     libgtk-4.so.1                                    ║
    ║     libgraphene-1.0.so.0                             ║
    ║     libxslt.so.1                                     ║
    ║     libwoff2dec.so.1.0.2                             ║
    ║     libvpx.so.9                                      ║
    ║     libevent-2.1.so.7                                ║
    ║     libopus.so.0                                     ║
    ║     libgstallocators-1.0.so.0                        ║
    ║     libgstapp-1.0.so.0                               ║
    ║     libgstpbutils-1.0.so.0                           ║
    ║     libgstaudio-1.0.so.0                             ║
    ║     libgsttag-1.0.so.0                               ║
    ║     libgstvideo-1.0.so.0                             ║
    ║     libgstgl-1.0.so.0                                ║
    ║     libgstcodecparsers-1.0.so.0                      ║
    ║     libgstfft-1.0.so.0                               ║
    ║     libflite.so.1                                    ║
    ║     libflite_usenglish.so.1                          ║
    ║     libflite_cmu_grapheme_lang.so.1                  ║
    ║     libflite_cmu_grapheme_lex.so.1                   ║
    ║     libflite_cmu_indic_lang.so.1                     ║
    ║     libflite_cmu_indic_lex.so.1                      ║
    ║     libflite_cmulex.so.1                             ║
    ║     libflite_cmu_time_awb.so.1                       ║
    ║     libflite_cmu_us_awb.so.1                         ║
    ║     libflite_cmu_us_kal16.so.1                       ║
    ║     libflite_cmu_us_kal.so.1                         ║
    ║     libflite_cmu_us_rms.so.1                         ║
    ║     libflite_cmu_us_slt.so.1                         ║
    ║     libwebpdemux.so.2                                ║
    ║     libavif.so.16                                    ║
    ║     libharfbuzz-icu.so.0                             ║
    ║     libwebpmux.so.3                                  ║
    ║     libenchant-2.so.2                                ║
    ║     libsecret-1.so.0                                 ║
    ║     libhyphen.so.0                                   ║
    ║     libmanette-0.2.so.0                              ║
    ║     libx264.so                                       ║
    ╚══════════════════════════════════════════════════════╝

    attachment #1: trace (application/zip) ─────────────────────────────────────────────────────────
    ../test-results/forms-fixed-Form-Testing---128d6-m-Submission-Error-Handling-webkit-retry1/trace.zip
    Usage:

        npx playwright show-trace ../test-results/forms-fixed-Form-Testing---128d6-m-Submission-Error-Handling-webkit-retry1/trace.zip

    ────────────────────────────────────────────────────────────────────────────────────────────────
]]>
</failure>
<system-out>
<![CDATA[
[[ATTACHMENT|forms-fixed-Form-Testing---128d6-m-Submission-Error-Handling-webkit-retry1/trace.zip]]
]]>
</system-out>
</testcase>
</testsuite>
<testsuite name="forms-fixed.spec.ts" timestamp="2025-09-14T23:47:18.398Z" hostname="Mobile Chrome" tests="7" failures="7" skipped="0" time="162.603" errors="0">
<testcase name="Form Testing - Fixed Selectors and Timeouts › 1. Index.tsx - Homepage Forms › Hero Section Form - Complete Flow" classname="forms-fixed.spec.ts" time="18.809">
<failure message="forms-fixed.spec.ts:86:5 Hero Section Form - Complete Flow" type="FAILURE">
<![CDATA[  [Mobile Chrome] › forms-fixed.spec.ts:86:5 › Form Testing - Fixed Selectors and Timeouts › 1. Index.tsx - Homepage Forms › Hero Section Form - Complete Flow 

    Error: expect(locator).toBeVisible() failed

    Locator:  locator('[role="option"][data-value="professional-services"]').or(locator('[role="option"]').filter({ hasText: 'professional-services' })).first()
    Expected: visible
    Received: <element(s) not found>
    Timeout:  5000ms

    Call log:
      - Expect "toBeVisible" with timeout 5000ms
      - waiting for locator('[role="option"][data-value="professional-services"]').or(locator('[role="option"]').filter({ hasText: 'professional-services' })).first()


      27 |   // Select the option
      28 |   const option = page.locator(`[role="option"][data-value="${value}"]`).or(page.locator(`[role="option"]`).filter({ hasText: value }));
    > 29 |   await expect(option.first()).toBeVisible({ timeout: 5000 });
         |                                ^
      30 |   await option.first().click();
      31 |   
      32 |   console.log(`Successfully selected business type: ${value}`);
        at selectBusinessType (/root/dev/joel-hinton-website/tests/forms-fixed.spec.ts:29:32)
        at fillForm (/root/dev/joel-hinton-website/tests/forms-fixed.spec.ts:62:3)
        at /root/dev/joel-hinton-website/tests/forms-fixed.spec.ts:127:7

    attachment #1: screenshot (image/png) ──────────────────────────────────────────────────────────
    ../test-results/forms-fixed-Form-Testing---cf115-ection-Form---Complete-Flow-Mobile-Chrome/test-failed-1.png
    ────────────────────────────────────────────────────────────────────────────────────────────────

    attachment #2: video (video/webm) ──────────────────────────────────────────────────────────────
    ../test-results/forms-fixed-Form-Testing---cf115-ection-Form---Complete-Flow-Mobile-Chrome/video.webm
    ────────────────────────────────────────────────────────────────────────────────────────────────

    Error Context: ../test-results/forms-fixed-Form-Testing---cf115-ection-Form---Complete-Flow-Mobile-Chrome/error-context.md

    Retry #1 ───────────────────────────────────────────────────────────────────────────────────────

    Error: expect(locator).toBeVisible() failed

    Locator:  locator('[role="option"][data-value="professional-services"]').or(locator('[role="option"]').filter({ hasText: 'professional-services' })).first()
    Expected: visible
    Received: <element(s) not found>
    Timeout:  5000ms

    Call log:
      - Expect "toBeVisible" with timeout 5000ms
      - waiting for locator('[role="option"][data-value="professional-services"]').or(locator('[role="option"]').filter({ hasText: 'professional-services' })).first()


      27 |   // Select the option
      28 |   const option = page.locator(`[role="option"][data-value="${value}"]`).or(page.locator(`[role="option"]`).filter({ hasText: value }));
    > 29 |   await expect(option.first()).toBeVisible({ timeout: 5000 });
         |                                ^
      30 |   await option.first().click();
      31 |   
      32 |   console.log(`Successfully selected business type: ${value}`);
        at selectBusinessType (/root/dev/joel-hinton-website/tests/forms-fixed.spec.ts:29:32)
        at fillForm (/root/dev/joel-hinton-website/tests/forms-fixed.spec.ts:62:3)
        at /root/dev/joel-hinton-website/tests/forms-fixed.spec.ts:127:7

    attachment #1: screenshot (image/png) ──────────────────────────────────────────────────────────
    ../test-results/forms-fixed-Form-Testing---cf115-ection-Form---Complete-Flow-Mobile-Chrome-retry1/test-failed-1.png
    ────────────────────────────────────────────────────────────────────────────────────────────────

    attachment #2: video (video/webm) ──────────────────────────────────────────────────────────────
    ../test-results/forms-fixed-Form-Testing---cf115-ection-Form---Complete-Flow-Mobile-Chrome-retry1/video.webm
    ────────────────────────────────────────────────────────────────────────────────────────────────

    Error Context: ../test-results/forms-fixed-Form-Testing---cf115-ection-Form---Complete-Flow-Mobile-Chrome-retry1/error-context.md

    attachment #4: trace (application/zip) ─────────────────────────────────────────────────────────
    ../test-results/forms-fixed-Form-Testing---cf115-ection-Form---Complete-Flow-Mobile-Chrome-retry1/trace.zip
    Usage:

        npx playwright show-trace ../test-results/forms-fixed-Form-Testing---cf115-ection-Form---Complete-Flow-Mobile-Chrome-retry1/trace.zip

    ────────────────────────────────────────────────────────────────────────────────────────────────
]]>
</failure>
<system-out>
<![CDATA[Testing Hero Section Form...
Clicking hero button...
Waiting for dialog to open...
Testing form validation...
Filling hero form...
Starting form fill process...
Filling name field...
Filling email field...
Filling phone field...
Selecting business type...
Attempting to select business type: professional-services

[[ATTACHMENT|forms-fixed-Form-Testing---cf115-ection-Form---Complete-Flow-Mobile-Chrome/test-failed-1.png]]

[[ATTACHMENT|forms-fixed-Form-Testing---cf115-ection-Form---Complete-Flow-Mobile-Chrome/video.webm]]

[[ATTACHMENT|forms-fixed-Form-Testing---cf115-ection-Form---Complete-Flow-Mobile-Chrome/error-context.md]]
Testing Hero Section Form...
Clicking hero button...
Waiting for dialog to open...
Testing form validation...
Filling hero form...
Starting form fill process...
Filling name field...
Filling email field...
Filling phone field...
Selecting business type...
Attempting to select business type: professional-services

[[ATTACHMENT|forms-fixed-Form-Testing---cf115-ection-Form---Complete-Flow-Mobile-Chrome-retry1/test-failed-1.png]]

[[ATTACHMENT|forms-fixed-Form-Testing---cf115-ection-Form---Complete-Flow-Mobile-Chrome-retry1/video.webm]]

[[ATTACHMENT|forms-fixed-Form-Testing---cf115-ection-Form---Complete-Flow-Mobile-Chrome-retry1/error-context.md]]

[[ATTACHMENT|forms-fixed-Form-Testing---cf115-ection-Form---Complete-Flow-Mobile-Chrome-retry1/trace.zip]]
]]>
</system-out>
</testcase>
<testcase name="Form Testing - Fixed Selectors and Timeouts › 1. Index.tsx - Homepage Forms › ContactDialog Form on Homepage" classname="forms-fixed.spec.ts" time="24.159">
<failure message="forms-fixed.spec.ts:151:5 ContactDialog Form on Homepage" type="FAILURE">
<![CDATA[  [Mobile Chrome] › forms-fixed.spec.ts:151:5 › Form Testing - Fixed Selectors and Timeouts › 1. Index.tsx - Homepage Forms › ContactDialog Form on Homepage 

    Error: expect(locator).toBeVisible() failed

    Locator:  locator('button').filter({ hasText: /Contact|Get.*Started|Schedule/ }).last()
    Expected: visible
    Received: <element(s) not found>
    Timeout:  10000ms

    Call log:
      - Expect "toBeVisible" with timeout 10000ms
      - waiting for locator('button').filter({ hasText: /Contact|Get.*Started|Schedule/ }).last()


      172 |       }
      173 |       
    > 174 |       await expect(contactButton).toBeVisible({ timeout: 10000 });
          |                                   ^
      175 |       console.log('Clicking contact dialog button...');
      176 |       await contactButton.click();
      177 |       
        at /root/dev/joel-hinton-website/tests/forms-fixed.spec.ts:174:35

    attachment #1: screenshot (image/png) ──────────────────────────────────────────────────────────
    ../test-results/forms-fixed-Form-Testing---75fe0-tactDialog-Form-on-Homepage-Mobile-Chrome/test-failed-1.png
    ────────────────────────────────────────────────────────────────────────────────────────────────

    attachment #2: video (video/webm) ──────────────────────────────────────────────────────────────
    ../test-results/forms-fixed-Form-Testing---75fe0-tactDialog-Form-on-Homepage-Mobile-Chrome/video.webm
    ────────────────────────────────────────────────────────────────────────────────────────────────

    Error Context: ../test-results/forms-fixed-Form-Testing---75fe0-tactDialog-Form-on-Homepage-Mobile-Chrome/error-context.md

    Retry #1 ───────────────────────────────────────────────────────────────────────────────────────

    Error: expect(locator).toBeVisible() failed

    Locator:  locator('button').filter({ hasText: /Contact|Get.*Started|Schedule/ }).last()
    Expected: visible
    Received: <element(s) not found>
    Timeout:  10000ms

    Call log:
      - Expect "toBeVisible" with timeout 10000ms
      - waiting for locator('button').filter({ hasText: /Contact|Get.*Started|Schedule/ }).last()


      172 |       }
      173 |       
    > 174 |       await expect(contactButton).toBeVisible({ timeout: 10000 });
          |                                   ^
      175 |       console.log('Clicking contact dialog button...');
      176 |       await contactButton.click();
      177 |       
        at /root/dev/joel-hinton-website/tests/forms-fixed.spec.ts:174:35

    attachment #1: screenshot (image/png) ──────────────────────────────────────────────────────────
    ../test-results/forms-fixed-Form-Testing---75fe0-tactDialog-Form-on-Homepage-Mobile-Chrome-retry1/test-failed-1.png
    ────────────────────────────────────────────────────────────────────────────────────────────────

    attachment #2: video (video/webm) ──────────────────────────────────────────────────────────────
    ../test-results/forms-fixed-Form-Testing---75fe0-tactDialog-Form-on-Homepage-Mobile-Chrome-retry1/video.webm
    ────────────────────────────────────────────────────────────────────────────────────────────────

    Error Context: ../test-results/forms-fixed-Form-Testing---75fe0-tactDialog-Form-on-Homepage-Mobile-Chrome-retry1/error-context.md

    attachment #4: trace (application/zip) ─────────────────────────────────────────────────────────
    ../test-results/forms-fixed-Form-Testing---75fe0-tactDialog-Form-on-Homepage-Mobile-Chrome-retry1/trace.zip
    Usage:

        npx playwright show-trace ../test-results/forms-fixed-Form-Testing---75fe0-tactDialog-Form-on-Homepage-Mobile-Chrome-retry1/trace.zip

    ────────────────────────────────────────────────────────────────────────────────────────────────
]]>
</failure>
<system-out>
<![CDATA[Testing ContactDialog on Homepage...

[[ATTACHMENT|forms-fixed-Form-Testing---75fe0-tactDialog-Form-on-Homepage-Mobile-Chrome/test-failed-1.png]]

[[ATTACHMENT|forms-fixed-Form-Testing---75fe0-tactDialog-Form-on-Homepage-Mobile-Chrome/video.webm]]

[[ATTACHMENT|forms-fixed-Form-Testing---75fe0-tactDialog-Form-on-Homepage-Mobile-Chrome/error-context.md]]
Testing ContactDialog on Homepage...

[[ATTACHMENT|forms-fixed-Form-Testing---75fe0-tactDialog-Form-on-Homepage-Mobile-Chrome-retry1/test-failed-1.png]]

[[ATTACHMENT|forms-fixed-Form-Testing---75fe0-tactDialog-Form-on-Homepage-Mobile-Chrome-retry1/video.webm]]

[[ATTACHMENT|forms-fixed-Form-Testing---75fe0-tactDialog-Form-on-Homepage-Mobile-Chrome-retry1/error-context.md]]

[[ATTACHMENT|forms-fixed-Form-Testing---75fe0-tactDialog-Form-on-Homepage-Mobile-Chrome-retry1/trace.zip]]
]]>
</system-out>
</testcase>
<testcase name="Form Testing - Fixed Selectors and Timeouts › 2. HealthcareMarketing.tsx - Industry-Specific › Healthcare ContactDialog with Industry Business Types" classname="forms-fixed.spec.ts" time="23.688">
<failure message="forms-fixed.spec.ts:206:5 Healthcare ContactDialog with Industry Business Types" type="FAILURE">
<![CDATA[  [Mobile Chrome] › forms-fixed.spec.ts:206:5 › Form Testing - Fixed Selectors and Timeouts › 2. HealthcareMarketing.tsx - Industry-Specific › Healthcare ContactDialog with Industry Business Types 

    Error: expect(locator).toBeVisible() failed

    Locator:  locator('button').filter({ hasText: /Get.*Free|Contact|Schedule|Audit/ }).first()
    Expected: visible
    Received: <element(s) not found>
    Timeout:  10000ms

    Call log:
      - Expect "toBeVisible" with timeout 10000ms
      - waiting for locator('button').filter({ hasText: /Get.*Free|Contact|Schedule|Audit/ }).first()


      210 |       
      211 |       const contactButton = page.locator('button').filter({ hasText: /Get.*Free|Contact|Schedule|Audit/ }).first();
    > 212 |       await expect(contactButton).toBeVisible({ timeout: 10000 });
          |                                   ^
      213 |       await contactButton.click();
      214 |       
      215 |       const dialog = page.locator('[role="dialog"]');
        at /root/dev/joel-hinton-website/tests/forms-fixed.spec.ts:212:35

    attachment #1: screenshot (image/png) ──────────────────────────────────────────────────────────
    ../test-results/forms-fixed-Form-Testing---b8aa1-ith-Industry-Business-Types-Mobile-Chrome/test-failed-1.png
    ────────────────────────────────────────────────────────────────────────────────────────────────

    attachment #2: video (video/webm) ──────────────────────────────────────────────────────────────
    ../test-results/forms-fixed-Form-Testing---b8aa1-ith-Industry-Business-Types-Mobile-Chrome/video.webm
    ────────────────────────────────────────────────────────────────────────────────────────────────

    Error Context: ../test-results/forms-fixed-Form-Testing---b8aa1-ith-Industry-Business-Types-Mobile-Chrome/error-context.md

    Retry #1 ───────────────────────────────────────────────────────────────────────────────────────

    Error: expect(locator).toBeVisible() failed

    Locator:  locator('button').filter({ hasText: /Get.*Free|Contact|Schedule|Audit/ }).first()
    Expected: visible
    Received: <element(s) not found>
    Timeout:  10000ms

    Call log:
      - Expect "toBeVisible" with timeout 10000ms
      - waiting for locator('button').filter({ hasText: /Get.*Free|Contact|Schedule|Audit/ }).first()


      210 |       
      211 |       const contactButton = page.locator('button').filter({ hasText: /Get.*Free|Contact|Schedule|Audit/ }).first();
    > 212 |       await expect(contactButton).toBeVisible({ timeout: 10000 });
          |                                   ^
      213 |       await contactButton.click();
      214 |       
      215 |       const dialog = page.locator('[role="dialog"]');
        at /root/dev/joel-hinton-website/tests/forms-fixed.spec.ts:212:35

    attachment #1: screenshot (image/png) ──────────────────────────────────────────────────────────
    ../test-results/forms-fixed-Form-Testing---b8aa1-ith-Industry-Business-Types-Mobile-Chrome-retry1/test-failed-1.png
    ────────────────────────────────────────────────────────────────────────────────────────────────

    attachment #2: video (video/webm) ──────────────────────────────────────────────────────────────
    ../test-results/forms-fixed-Form-Testing---b8aa1-ith-Industry-Business-Types-Mobile-Chrome-retry1/video.webm
    ────────────────────────────────────────────────────────────────────────────────────────────────

    Error Context: ../test-results/forms-fixed-Form-Testing---b8aa1-ith-Industry-Business-Types-Mobile-Chrome-retry1/error-context.md

    attachment #4: trace (application/zip) ─────────────────────────────────────────────────────────
    ../test-results/forms-fixed-Form-Testing---b8aa1-ith-Industry-Business-Types-Mobile-Chrome-retry1/trace.zip
    Usage:

        npx playwright show-trace ../test-results/forms-fixed-Form-Testing---b8aa1-ith-Industry-Business-Types-Mobile-Chrome-retry1/trace.zip

    ────────────────────────────────────────────────────────────────────────────────────────────────
]]>
</failure>
<system-out>
<![CDATA[Testing Healthcare Marketing page...

[[ATTACHMENT|forms-fixed-Form-Testing---b8aa1-ith-Industry-Business-Types-Mobile-Chrome/test-failed-1.png]]

[[ATTACHMENT|forms-fixed-Form-Testing---b8aa1-ith-Industry-Business-Types-Mobile-Chrome/video.webm]]

[[ATTACHMENT|forms-fixed-Form-Testing---b8aa1-ith-Industry-Business-Types-Mobile-Chrome/error-context.md]]
Testing Healthcare Marketing page...

[[ATTACHMENT|forms-fixed-Form-Testing---b8aa1-ith-Industry-Business-Types-Mobile-Chrome-retry1/test-failed-1.png]]

[[ATTACHMENT|forms-fixed-Form-Testing---b8aa1-ith-Industry-Business-Types-Mobile-Chrome-retry1/video.webm]]

[[ATTACHMENT|forms-fixed-Form-Testing---b8aa1-ith-Industry-Business-Types-Mobile-Chrome-retry1/error-context.md]]

[[ATTACHMENT|forms-fixed-Form-Testing---b8aa1-ith-Industry-Business-Types-Mobile-Chrome-retry1/trace.zip]]
]]>
</system-out>
</testcase>
<testcase name="Form Testing - Fixed Selectors and Timeouts › 3. About.tsx - Custom Form › About Page Custom Form" classname="forms-fixed.spec.ts" time="14.473">
<failure message="forms-fixed.spec.ts:244:5 About Page Custom Form" type="FAILURE">
<![CDATA[  [Mobile Chrome] › forms-fixed.spec.ts:244:5 › Form Testing - Fixed Selectors and Timeouts › 3. About.tsx - Custom Form › About Page Custom Form 

    Error: expect(locator).toBeVisible() failed

    Locator:  locator('[role="option"][data-value="professional-services"]').or(locator('[role="option"]').filter({ hasText: 'professional-services' })).first()
    Expected: visible
    Received: <element(s) not found>
    Timeout:  5000ms

    Call log:
      - Expect "toBeVisible" with timeout 5000ms
      - waiting for locator('[role="option"][data-value="professional-services"]').or(locator('[role="option"]').filter({ hasText: 'professional-services' })).first()


      27 |   // Select the option
      28 |   const option = page.locator(`[role="option"][data-value="${value}"]`).or(page.locator(`[role="option"]`).filter({ hasText: value }));
    > 29 |   await expect(option.first()).toBeVisible({ timeout: 5000 });
         |                                ^
      30 |   await option.first().click();
      31 |   
      32 |   console.log(`Successfully selected business type: ${value}`);
        at selectBusinessType (/root/dev/joel-hinton-website/tests/forms-fixed.spec.ts:29:32)
        at fillForm (/root/dev/joel-hinton-website/tests/forms-fixed.spec.ts:62:3)
        at /root/dev/joel-hinton-website/tests/forms-fixed.spec.ts:256:7

    attachment #1: screenshot (image/png) ──────────────────────────────────────────────────────────
    ../test-results/forms-fixed-Form-Testing---26419-Form-About-Page-Custom-Form-Mobile-Chrome/test-failed-1.png
    ────────────────────────────────────────────────────────────────────────────────────────────────

    attachment #2: video (video/webm) ──────────────────────────────────────────────────────────────
    ../test-results/forms-fixed-Form-Testing---26419-Form-About-Page-Custom-Form-Mobile-Chrome/video.webm
    ────────────────────────────────────────────────────────────────────────────────────────────────

    Error Context: ../test-results/forms-fixed-Form-Testing---26419-Form-About-Page-Custom-Form-Mobile-Chrome/error-context.md

    Retry #1 ───────────────────────────────────────────────────────────────────────────────────────

    Error: expect(locator).toBeVisible() failed

    Locator:  locator('[role="option"][data-value="professional-services"]').or(locator('[role="option"]').filter({ hasText: 'professional-services' })).first()
    Expected: visible
    Received: <element(s) not found>
    Timeout:  5000ms

    Call log:
      - Expect "toBeVisible" with timeout 5000ms
      - waiting for locator('[role="option"][data-value="professional-services"]').or(locator('[role="option"]').filter({ hasText: 'professional-services' })).first()


      27 |   // Select the option
      28 |   const option = page.locator(`[role="option"][data-value="${value}"]`).or(page.locator(`[role="option"]`).filter({ hasText: value }));
    > 29 |   await expect(option.first()).toBeVisible({ timeout: 5000 });
         |                                ^
      30 |   await option.first().click();
      31 |   
      32 |   console.log(`Successfully selected business type: ${value}`);
        at selectBusinessType (/root/dev/joel-hinton-website/tests/forms-fixed.spec.ts:29:32)
        at fillForm (/root/dev/joel-hinton-website/tests/forms-fixed.spec.ts:62:3)
        at /root/dev/joel-hinton-website/tests/forms-fixed.spec.ts:256:7

    attachment #1: screenshot (image/png) ──────────────────────────────────────────────────────────
    ../test-results/forms-fixed-Form-Testing---26419-Form-About-Page-Custom-Form-Mobile-Chrome-retry1/test-failed-1.png
    ────────────────────────────────────────────────────────────────────────────────────────────────

    attachment #2: video (video/webm) ──────────────────────────────────────────────────────────────
    ../test-results/forms-fixed-Form-Testing---26419-Form-About-Page-Custom-Form-Mobile-Chrome-retry1/video.webm
    ────────────────────────────────────────────────────────────────────────────────────────────────

    Error Context: ../test-results/forms-fixed-Form-Testing---26419-Form-About-Page-Custom-Form-Mobile-Chrome-retry1/error-context.md

    attachment #4: trace (application/zip) ─────────────────────────────────────────────────────────
    ../test-results/forms-fixed-Form-Testing---26419-Form-About-Page-Custom-Form-Mobile-Chrome-retry1/trace.zip
    Usage:

        npx playwright show-trace ../test-results/forms-fixed-Form-Testing---26419-Form-About-Page-Custom-Form-Mobile-Chrome-retry1/trace.zip

    ────────────────────────────────────────────────────────────────────────────────────────────────
]]>
</failure>
<system-out>
<![CDATA[Testing About page form...
Starting form fill process...
Filling name field...
Filling email field...
Filling phone field...
Selecting business type...
Attempting to select business type: professional-services

[[ATTACHMENT|forms-fixed-Form-Testing---26419-Form-About-Page-Custom-Form-Mobile-Chrome/test-failed-1.png]]

[[ATTACHMENT|forms-fixed-Form-Testing---26419-Form-About-Page-Custom-Form-Mobile-Chrome/video.webm]]

[[ATTACHMENT|forms-fixed-Form-Testing---26419-Form-About-Page-Custom-Form-Mobile-Chrome/error-context.md]]
Testing About page form...
Starting form fill process...
Filling name field...
Filling email field...
Filling phone field...
Selecting business type...
Attempting to select business type: professional-services

[[ATTACHMENT|forms-fixed-Form-Testing---26419-Form-About-Page-Custom-Form-Mobile-Chrome-retry1/test-failed-1.png]]

[[ATTACHMENT|forms-fixed-Form-Testing---26419-Form-About-Page-Custom-Form-Mobile-Chrome-retry1/video.webm]]

[[ATTACHMENT|forms-fixed-Form-Testing---26419-Form-About-Page-Custom-Form-Mobile-Chrome-retry1/error-context.md]]

[[ATTACHMENT|forms-fixed-Form-Testing---26419-Form-About-Page-Custom-Form-Mobile-Chrome-retry1/trace.zip]]
]]>
</system-out>
</testcase>
<testcase name="Form Testing - Fixed Selectors and Timeouts › 4. LocalSEO.tsx - Hybrid Page › LocalSEO ContactDialog" classname="forms-fixed.spec.ts" time="23.517">
<failure message="forms-fixed.spec.ts:271:5 LocalSEO ContactDialog" type="FAILURE">
<![CDATA[  [Mobile Chrome] › forms-fixed.spec.ts:271:5 › Form Testing - Fixed Selectors and Timeouts › 4. LocalSEO.tsx - Hybrid Page › LocalSEO ContactDialog 

    Error: expect(locator).toBeVisible() failed

    Locator:  locator('button').filter({ hasText: /Get.*Started|Contact|Schedule/ }).first()
    Expected: visible
    Received: <element(s) not found>
    Timeout:  10000ms

    Call log:
      - Expect "toBeVisible" with timeout 10000ms
      - waiting for locator('button').filter({ hasText: /Get.*Started|Contact|Schedule/ }).first()


      275 |       
      276 |       const contactButton = page.locator('button').filter({ hasText: /Get.*Started|Contact|Schedule/ }).first();
    > 277 |       await expect(contactButton).toBeVisible({ timeout: 10000 });
          |                                   ^
      278 |       await contactButton.click();
      279 |       
      280 |       const dialog = page.locator('[role="dialog"]');
        at /root/dev/joel-hinton-website/tests/forms-fixed.spec.ts:277:35

    attachment #1: screenshot (image/png) ──────────────────────────────────────────────────────────
    ../test-results/forms-fixed-Form-Testing---1f349-Page-LocalSEO-ContactDialog-Mobile-Chrome/test-failed-1.png
    ────────────────────────────────────────────────────────────────────────────────────────────────

    attachment #2: video (video/webm) ──────────────────────────────────────────────────────────────
    ../test-results/forms-fixed-Form-Testing---1f349-Page-LocalSEO-ContactDialog-Mobile-Chrome/video.webm
    ────────────────────────────────────────────────────────────────────────────────────────────────

    Error Context: ../test-results/forms-fixed-Form-Testing---1f349-Page-LocalSEO-ContactDialog-Mobile-Chrome/error-context.md

    Retry #1 ───────────────────────────────────────────────────────────────────────────────────────

    Error: expect(locator).toBeVisible() failed

    Locator:  locator('button').filter({ hasText: /Get.*Started|Contact|Schedule/ }).first()
    Expected: visible
    Received: <element(s) not found>
    Timeout:  10000ms

    Call log:
      - Expect "toBeVisible" with timeout 10000ms
      - waiting for locator('button').filter({ hasText: /Get.*Started|Contact|Schedule/ }).first()


      275 |       
      276 |       const contactButton = page.locator('button').filter({ hasText: /Get.*Started|Contact|Schedule/ }).first();
    > 277 |       await expect(contactButton).toBeVisible({ timeout: 10000 });
          |                                   ^
      278 |       await contactButton.click();
      279 |       
      280 |       const dialog = page.locator('[role="dialog"]');
        at /root/dev/joel-hinton-website/tests/forms-fixed.spec.ts:277:35

    attachment #1: screenshot (image/png) ──────────────────────────────────────────────────────────
    ../test-results/forms-fixed-Form-Testing---1f349-Page-LocalSEO-ContactDialog-Mobile-Chrome-retry1/test-failed-1.png
    ────────────────────────────────────────────────────────────────────────────────────────────────

    attachment #2: video (video/webm) ──────────────────────────────────────────────────────────────
    ../test-results/forms-fixed-Form-Testing---1f349-Page-LocalSEO-ContactDialog-Mobile-Chrome-retry1/video.webm
    ────────────────────────────────────────────────────────────────────────────────────────────────

    Error Context: ../test-results/forms-fixed-Form-Testing---1f349-Page-LocalSEO-ContactDialog-Mobile-Chrome-retry1/error-context.md

    attachment #4: trace (application/zip) ─────────────────────────────────────────────────────────
    ../test-results/forms-fixed-Form-Testing---1f349-Page-LocalSEO-ContactDialog-Mobile-Chrome-retry1/trace.zip
    Usage:

        npx playwright show-trace ../test-results/forms-fixed-Form-Testing---1f349-Page-LocalSEO-ContactDialog-Mobile-Chrome-retry1/trace.zip

    ────────────────────────────────────────────────────────────────────────────────────────────────
]]>
</failure>
<system-out>
<![CDATA[Testing LocalSEO page...

[[ATTACHMENT|forms-fixed-Form-Testing---1f349-Page-LocalSEO-ContactDialog-Mobile-Chrome/test-failed-1.png]]

[[ATTACHMENT|forms-fixed-Form-Testing---1f349-Page-LocalSEO-ContactDialog-Mobile-Chrome/video.webm]]

[[ATTACHMENT|forms-fixed-Form-Testing---1f349-Page-LocalSEO-ContactDialog-Mobile-Chrome/error-context.md]]
Testing LocalSEO page...

[[ATTACHMENT|forms-fixed-Form-Testing---1f349-Page-LocalSEO-ContactDialog-Mobile-Chrome-retry1/test-failed-1.png]]

[[ATTACHMENT|forms-fixed-Form-Testing---1f349-Page-LocalSEO-ContactDialog-Mobile-Chrome-retry1/video.webm]]

[[ATTACHMENT|forms-fixed-Form-Testing---1f349-Page-LocalSEO-ContactDialog-Mobile-Chrome-retry1/error-context.md]]

[[ATTACHMENT|forms-fixed-Form-Testing---1f349-Page-LocalSEO-ContactDialog-Mobile-Chrome-retry1/trace.zip]]
]]>
</system-out>
</testcase>
<testcase name="Form Testing - Fixed Selectors and Timeouts › 5. Contact.tsx - Standard ContactDialog › Contact Page Standard Form" classname="forms-fixed.spec.ts" time="23.833">
<failure message="forms-fixed.spec.ts:306:5 Contact Page Standard Form" type="FAILURE">
<![CDATA[  [Mobile Chrome] › forms-fixed.spec.ts:306:5 › Form Testing - Fixed Selectors and Timeouts › 5. Contact.tsx - Standard ContactDialog › Contact Page Standard Form 

    Error: expect(locator).toBeVisible() failed

    Locator:  locator('[role="dialog"]')
    Expected: visible
    Received: <element(s) not found>
    Timeout:  10000ms

    Call log:
      - Expect "toBeVisible" with timeout 10000ms
      - waiting for locator('[role="dialog"]')


      314 |       
      315 |       const dialog = page.locator('[role="dialog"]');
    > 316 |       await expect(dialog).toBeVisible({ timeout: 10000 });
          |                            ^
      317 |       
      318 |       // Test invalid email validation
      319 |       console.log('Testing email validation...');
        at /root/dev/joel-hinton-website/tests/forms-fixed.spec.ts:316:28

    attachment #1: screenshot (image/png) ──────────────────────────────────────────────────────────
    ../test-results/forms-fixed-Form-Testing---9d296--Contact-Page-Standard-Form-Mobile-Chrome/test-failed-1.png
    ────────────────────────────────────────────────────────────────────────────────────────────────

    attachment #2: video (video/webm) ──────────────────────────────────────────────────────────────
    ../test-results/forms-fixed-Form-Testing---9d296--Contact-Page-Standard-Form-Mobile-Chrome/video.webm
    ────────────────────────────────────────────────────────────────────────────────────────────────

    Error Context: ../test-results/forms-fixed-Form-Testing---9d296--Contact-Page-Standard-Form-Mobile-Chrome/error-context.md

    Retry #1 ───────────────────────────────────────────────────────────────────────────────────────

    Error: expect(locator).toBeVisible() failed

    Locator:  locator('[role="dialog"]')
    Expected: visible
    Received: <element(s) not found>
    Timeout:  10000ms

    Call log:
      - Expect "toBeVisible" with timeout 10000ms
      - waiting for locator('[role="dialog"]')


      314 |       
      315 |       const dialog = page.locator('[role="dialog"]');
    > 316 |       await expect(dialog).toBeVisible({ timeout: 10000 });
          |                            ^
      317 |       
      318 |       // Test invalid email validation
      319 |       console.log('Testing email validation...');
        at /root/dev/joel-hinton-website/tests/forms-fixed.spec.ts:316:28

    attachment #1: screenshot (image/png) ──────────────────────────────────────────────────────────
    ../test-results/forms-fixed-Form-Testing---9d296--Contact-Page-Standard-Form-Mobile-Chrome-retry1/test-failed-1.png
    ────────────────────────────────────────────────────────────────────────────────────────────────

    attachment #2: video (video/webm) ──────────────────────────────────────────────────────────────
    ../test-results/forms-fixed-Form-Testing---9d296--Contact-Page-Standard-Form-Mobile-Chrome-retry1/video.webm
    ────────────────────────────────────────────────────────────────────────────────────────────────

    Error Context: ../test-results/forms-fixed-Form-Testing---9d296--Contact-Page-Standard-Form-Mobile-Chrome-retry1/error-context.md

    attachment #4: trace (application/zip) ─────────────────────────────────────────────────────────
    ../test-results/forms-fixed-Form-Testing---9d296--Contact-Page-Standard-Form-Mobile-Chrome-retry1/trace.zip
    Usage:

        npx playwright show-trace ../test-results/forms-fixed-Form-Testing---9d296--Contact-Page-Standard-Form-Mobile-Chrome-retry1/trace.zip

    ────────────────────────────────────────────────────────────────────────────────────────────────
]]>
</failure>
<system-out>
<![CDATA[Testing Contact page...

[[ATTACHMENT|forms-fixed-Form-Testing---9d296--Contact-Page-Standard-Form-Mobile-Chrome/test-failed-1.png]]

[[ATTACHMENT|forms-fixed-Form-Testing---9d296--Contact-Page-Standard-Form-Mobile-Chrome/video.webm]]

[[ATTACHMENT|forms-fixed-Form-Testing---9d296--Contact-Page-Standard-Form-Mobile-Chrome/error-context.md]]
Testing Contact page...

[[ATTACHMENT|forms-fixed-Form-Testing---9d296--Contact-Page-Standard-Form-Mobile-Chrome-retry1/test-failed-1.png]]

[[ATTACHMENT|forms-fixed-Form-Testing---9d296--Contact-Page-Standard-Form-Mobile-Chrome-retry1/video.webm]]

[[ATTACHMENT|forms-fixed-Form-Testing---9d296--Contact-Page-Standard-Form-Mobile-Chrome-retry1/error-context.md]]

[[ATTACHMENT|forms-fixed-Form-Testing---9d296--Contact-Page-Standard-Form-Mobile-Chrome-retry1/trace.zip]]
]]>
</system-out>
</testcase>
<testcase name="Form Testing - Fixed Selectors and Timeouts › Error Handling and Edge Cases › Form Submission Error Handling" classname="forms-fixed.spec.ts" time="34.124">
<failure message="forms-fixed.spec.ts:353:5 Form Submission Error Handling" type="FAILURE">
<![CDATA[  [Mobile Chrome] › forms-fixed.spec.ts:353:5 › Form Testing - Fixed Selectors and Timeouts › Error Handling and Edge Cases › Form Submission Error Handling 

    TimeoutError: locator.click: Timeout 15000ms exceeded.
    Call log:
      - waiting for locator('button').filter({ hasText: /Contact|Get.*Started/ }).first()


      357 |       
      358 |       const contactButton = page.locator('button').filter({ hasText: /Contact|Get.*Started/ }).first();
    > 359 |       await contactButton.click();
          |                           ^
      360 |       
      361 |       const dialog = page.locator('[role="dialog"]');
      362 |       await expect(dialog).toBeVisible({ timeout: 10000 });
        at /root/dev/joel-hinton-website/tests/forms-fixed.spec.ts:359:27

    attachment #1: screenshot (image/png) ──────────────────────────────────────────────────────────
    ../test-results/forms-fixed-Form-Testing---128d6-m-Submission-Error-Handling-Mobile-Chrome/test-failed-1.png
    ────────────────────────────────────────────────────────────────────────────────────────────────

    attachment #2: video (video/webm) ──────────────────────────────────────────────────────────────
    ../test-results/forms-fixed-Form-Testing---128d6-m-Submission-Error-Handling-Mobile-Chrome/video.webm
    ────────────────────────────────────────────────────────────────────────────────────────────────

    Error Context: ../test-results/forms-fixed-Form-Testing---128d6-m-Submission-Error-Handling-Mobile-Chrome/error-context.md

    Retry #1 ───────────────────────────────────────────────────────────────────────────────────────

    TimeoutError: locator.click: Timeout 15000ms exceeded.
    Call log:
      - waiting for locator('button').filter({ hasText: /Contact|Get.*Started/ }).first()


      357 |       
      358 |       const contactButton = page.locator('button').filter({ hasText: /Contact|Get.*Started/ }).first();
    > 359 |       await contactButton.click();
          |                           ^
      360 |       
      361 |       const dialog = page.locator('[role="dialog"]');
      362 |       await expect(dialog).toBeVisible({ timeout: 10000 });
        at /root/dev/joel-hinton-website/tests/forms-fixed.spec.ts:359:27

    attachment #1: screenshot (image/png) ──────────────────────────────────────────────────────────
    ../test-results/forms-fixed-Form-Testing---128d6-m-Submission-Error-Handling-Mobile-Chrome-retry1/test-failed-1.png
    ────────────────────────────────────────────────────────────────────────────────────────────────

    attachment #2: video (video/webm) ──────────────────────────────────────────────────────────────
    ../test-results/forms-fixed-Form-Testing---128d6-m-Submission-Error-Handling-Mobile-Chrome-retry1/video.webm
    ────────────────────────────────────────────────────────────────────────────────────────────────

    Error Context: ../test-results/forms-fixed-Form-Testing---128d6-m-Submission-Error-Handling-Mobile-Chrome-retry1/error-context.md

    attachment #4: trace (application/zip) ─────────────────────────────────────────────────────────
    ../test-results/forms-fixed-Form-Testing---128d6-m-Submission-Error-Handling-Mobile-Chrome-retry1/trace.zip
    Usage:

        npx playwright show-trace ../test-results/forms-fixed-Form-Testing---128d6-m-Submission-Error-Handling-Mobile-Chrome-retry1/trace.zip

    ────────────────────────────────────────────────────────────────────────────────────────────────
]]>
</failure>
<system-out>
<![CDATA[Testing error handling...

[[ATTACHMENT|forms-fixed-Form-Testing---128d6-m-Submission-Error-Handling-Mobile-Chrome/test-failed-1.png]]

[[ATTACHMENT|forms-fixed-Form-Testing---128d6-m-Submission-Error-Handling-Mobile-Chrome/video.webm]]

[[ATTACHMENT|forms-fixed-Form-Testing---128d6-m-Submission-Error-Handling-Mobile-Chrome/error-context.md]]
Testing error handling...

[[ATTACHMENT|forms-fixed-Form-Testing---128d6-m-Submission-Error-Handling-Mobile-Chrome-retry1/test-failed-1.png]]

[[ATTACHMENT|forms-fixed-Form-Testing---128d6-m-Submission-Error-Handling-Mobile-Chrome-retry1/video.webm]]

[[ATTACHMENT|forms-fixed-Form-Testing---128d6-m-Submission-Error-Handling-Mobile-Chrome-retry1/error-context.md]]

[[ATTACHMENT|forms-fixed-Form-Testing---128d6-m-Submission-Error-Handling-Mobile-Chrome-retry1/trace.zip]]
]]>
</system-out>
</testcase>
</testsuite>
<testsuite name="forms-fixed.spec.ts" timestamp="2025-09-14T23:47:18.398Z" hostname="Mobile Safari" tests="7" failures="7" skipped="0" time="0.052" errors="0">
<testcase name="Form Testing - Fixed Selectors and Timeouts › 1. Index.tsx - Homepage Forms › Hero Section Form - Complete Flow" classname="forms-fixed.spec.ts" time="0.008">
<failure message="forms-fixed.spec.ts:86:5 Hero Section Form - Complete Flow" type="FAILURE">
<![CDATA[  [Mobile Safari] › forms-fixed.spec.ts:86:5 › Form Testing - Fixed Selectors and Timeouts › 1. Index.tsx - Homepage Forms › Hero Section Form - Complete Flow 

    Error: browserType.launch: 
    ╔══════════════════════════════════════════════════════╗
    ║ Host system is missing dependencies to run browsers. ║
    ║ Missing libraries:                                   ║
    ║     libgtk-4.so.1                                    ║
    ║     libgraphene-1.0.so.0                             ║
    ║     libxslt.so.1                                     ║
    ║     libwoff2dec.so.1.0.2                             ║
    ║     libvpx.so.9                                      ║
    ║     libevent-2.1.so.7                                ║
    ║     libopus.so.0                                     ║
    ║     libgstallocators-1.0.so.0                        ║
    ║     libgstapp-1.0.so.0                               ║
    ║     libgstpbutils-1.0.so.0                           ║
    ║     libgstaudio-1.0.so.0                             ║
    ║     libgsttag-1.0.so.0                               ║
    ║     libgstvideo-1.0.so.0                             ║
    ║     libgstgl-1.0.so.0                                ║
    ║     libgstcodecparsers-1.0.so.0                      ║
    ║     libgstfft-1.0.so.0                               ║
    ║     libflite.so.1                                    ║
    ║     libflite_usenglish.so.1                          ║
    ║     libflite_cmu_grapheme_lang.so.1                  ║
    ║     libflite_cmu_grapheme_lex.so.1                   ║
    ║     libflite_cmu_indic_lang.so.1                     ║
    ║     libflite_cmu_indic_lex.so.1                      ║
    ║     libflite_cmulex.so.1                             ║
    ║     libflite_cmu_time_awb.so.1                       ║
    ║     libflite_cmu_us_awb.so.1                         ║
    ║     libflite_cmu_us_kal16.so.1                       ║
    ║     libflite_cmu_us_kal.so.1                         ║
    ║     libflite_cmu_us_rms.so.1                         ║
    ║     libflite_cmu_us_slt.so.1                         ║
    ║     libwebpdemux.so.2                                ║
    ║     libavif.so.16                                    ║
    ║     libharfbuzz-icu.so.0                             ║
    ║     libwebpmux.so.3                                  ║
    ║     libenchant-2.so.2                                ║
    ║     libsecret-1.so.0                                 ║
    ║     libhyphen.so.0                                   ║
    ║     libmanette-0.2.so.0                              ║
    ║     libx264.so                                       ║
    ╚══════════════════════════════════════════════════════╝

    Retry #1 ───────────────────────────────────────────────────────────────────────────────────────

    Error: browserType.launch: 
    ╔══════════════════════════════════════════════════════╗
    ║ Host system is missing dependencies to run browsers. ║
    ║ Missing libraries:                                   ║
    ║     libgtk-4.so.1                                    ║
    ║     libgraphene-1.0.so.0                             ║
    ║     libxslt.so.1                                     ║
    ║     libwoff2dec.so.1.0.2                             ║
    ║     libvpx.so.9                                      ║
    ║     libevent-2.1.so.7                                ║
    ║     libopus.so.0                                     ║
    ║     libgstallocators-1.0.so.0                        ║
    ║     libgstapp-1.0.so.0                               ║
    ║     libgstpbutils-1.0.so.0                           ║
    ║     libgstaudio-1.0.so.0                             ║
    ║     libgsttag-1.0.so.0                               ║
    ║     libgstvideo-1.0.so.0                             ║
    ║     libgstgl-1.0.so.0                                ║
    ║     libgstcodecparsers-1.0.so.0                      ║
    ║     libgstfft-1.0.so.0                               ║
    ║     libflite.so.1                                    ║
    ║     libflite_usenglish.so.1                          ║
    ║     libflite_cmu_grapheme_lang.so.1                  ║
    ║     libflite_cmu_grapheme_lex.so.1                   ║
    ║     libflite_cmu_indic_lang.so.1                     ║
    ║     libflite_cmu_indic_lex.so.1                      ║
    ║     libflite_cmulex.so.1                             ║
    ║     libflite_cmu_time_awb.so.1                       ║
    ║     libflite_cmu_us_awb.so.1                         ║
    ║     libflite_cmu_us_kal16.so.1                       ║
    ║     libflite_cmu_us_kal.so.1                         ║
    ║     libflite_cmu_us_rms.so.1                         ║
    ║     libflite_cmu_us_slt.so.1                         ║
    ║     libwebpdemux.so.2                                ║
    ║     libavif.so.16                                    ║
    ║     libharfbuzz-icu.so.0                             ║
    ║     libwebpmux.so.3                                  ║
    ║     libenchant-2.so.2                                ║
    ║     libsecret-1.so.0                                 ║
    ║     libhyphen.so.0                                   ║
    ║     libmanette-0.2.so.0                              ║
    ║     libx264.so                                       ║
    ╚══════════════════════════════════════════════════════╝

    attachment #1: trace (application/zip) ─────────────────────────────────────────────────────────
    ../test-results/forms-fixed-Form-Testing---cf115-ection-Form---Complete-Flow-Mobile-Safari-retry1/trace.zip
    Usage:

        npx playwright show-trace ../test-results/forms-fixed-Form-Testing---cf115-ection-Form---Complete-Flow-Mobile-Safari-retry1/trace.zip

    ────────────────────────────────────────────────────────────────────────────────────────────────
]]>
</failure>
<system-out>
<![CDATA[
[[ATTACHMENT|forms-fixed-Form-Testing---cf115-ection-Form---Complete-Flow-Mobile-Safari-retry1/trace.zip]]
]]>
</system-out>
</testcase>
<testcase name="Form Testing - Fixed Selectors and Timeouts › 1. Index.tsx - Homepage Forms › ContactDialog Form on Homepage" classname="forms-fixed.spec.ts" time="0.006">
<failure message="forms-fixed.spec.ts:151:5 ContactDialog Form on Homepage" type="FAILURE">
<![CDATA[  [Mobile Safari] › forms-fixed.spec.ts:151:5 › Form Testing - Fixed Selectors and Timeouts › 1. Index.tsx - Homepage Forms › ContactDialog Form on Homepage 

    Error: browserType.launch: 
    ╔══════════════════════════════════════════════════════╗
    ║ Host system is missing dependencies to run browsers. ║
    ║ Missing libraries:                                   ║
    ║     libgtk-4.so.1                                    ║
    ║     libgraphene-1.0.so.0                             ║
    ║     libxslt.so.1                                     ║
    ║     libwoff2dec.so.1.0.2                             ║
    ║     libvpx.so.9                                      ║
    ║     libevent-2.1.so.7                                ║
    ║     libopus.so.0                                     ║
    ║     libgstallocators-1.0.so.0                        ║
    ║     libgstapp-1.0.so.0                               ║
    ║     libgstpbutils-1.0.so.0                           ║
    ║     libgstaudio-1.0.so.0                             ║
    ║     libgsttag-1.0.so.0                               ║
    ║     libgstvideo-1.0.so.0                             ║
    ║     libgstgl-1.0.so.0                                ║
    ║     libgstcodecparsers-1.0.so.0                      ║
    ║     libgstfft-1.0.so.0                               ║
    ║     libflite.so.1                                    ║
    ║     libflite_usenglish.so.1                          ║
    ║     libflite_cmu_grapheme_lang.so.1                  ║
    ║     libflite_cmu_grapheme_lex.so.1                   ║
    ║     libflite_cmu_indic_lang.so.1                     ║
    ║     libflite_cmu_indic_lex.so.1                      ║
    ║     libflite_cmulex.so.1                             ║
    ║     libflite_cmu_time_awb.so.1                       ║
    ║     libflite_cmu_us_awb.so.1                         ║
    ║     libflite_cmu_us_kal16.so.1                       ║
    ║     libflite_cmu_us_kal.so.1                         ║
    ║     libflite_cmu_us_rms.so.1                         ║
    ║     libflite_cmu_us_slt.so.1                         ║
    ║     libwebpdemux.so.2                                ║
    ║     libavif.so.16                                    ║
    ║     libharfbuzz-icu.so.0                             ║
    ║     libwebpmux.so.3                                  ║
    ║     libenchant-2.so.2                                ║
    ║     libsecret-1.so.0                                 ║
    ║     libhyphen.so.0                                   ║
    ║     libmanette-0.2.so.0                              ║
    ║     libx264.so                                       ║
    ╚══════════════════════════════════════════════════════╝

    Retry #1 ───────────────────────────────────────────────────────────────────────────────────────

    Error: browserType.launch: 
    ╔══════════════════════════════════════════════════════╗
    ║ Host system is missing dependencies to run browsers. ║
    ║ Missing libraries:                                   ║
    ║     libgtk-4.so.1                                    ║
    ║     libgraphene-1.0.so.0                             ║
    ║     libxslt.so.1                                     ║
    ║     libwoff2dec.so.1.0.2                             ║
    ║     libvpx.so.9                                      ║
    ║     libevent-2.1.so.7                                ║
    ║     libopus.so.0                                     ║
    ║     libgstallocators-1.0.so.0                        ║
    ║     libgstapp-1.0.so.0                               ║
    ║     libgstpbutils-1.0.so.0                           ║
    ║     libgstaudio-1.0.so.0                             ║
    ║     libgsttag-1.0.so.0                               ║
    ║     libgstvideo-1.0.so.0                             ║
    ║     libgstgl-1.0.so.0                                ║
    ║     libgstcodecparsers-1.0.so.0                      ║
    ║     libgstfft-1.0.so.0                               ║
    ║     libflite.so.1                                    ║
    ║     libflite_usenglish.so.1                          ║
    ║     libflite_cmu_grapheme_lang.so.1                  ║
    ║     libflite_cmu_grapheme_lex.so.1                   ║
    ║     libflite_cmu_indic_lang.so.1                     ║
    ║     libflite_cmu_indic_lex.so.1                      ║
    ║     libflite_cmulex.so.1                             ║
    ║     libflite_cmu_time_awb.so.1                       ║
    ║     libflite_cmu_us_awb.so.1                         ║
    ║     libflite_cmu_us_kal16.so.1                       ║
    ║     libflite_cmu_us_kal.so.1                         ║
    ║     libflite_cmu_us_rms.so.1                         ║
    ║     libflite_cmu_us_slt.so.1                         ║
    ║     libwebpdemux.so.2                                ║
    ║     libavif.so.16                                    ║
    ║     libharfbuzz-icu.so.0                             ║
    ║     libwebpmux.so.3                                  ║
    ║     libenchant-2.so.2                                ║
    ║     libsecret-1.so.0                                 ║
    ║     libhyphen.so.0                                   ║
    ║     libmanette-0.2.so.0                              ║
    ║     libx264.so                                       ║
    ╚══════════════════════════════════════════════════════╝

    attachment #1: trace (application/zip) ─────────────────────────────────────────────────────────
    ../test-results/forms-fixed-Form-Testing---75fe0-tactDialog-Form-on-Homepage-Mobile-Safari-retry1/trace.zip
    Usage:

        npx playwright show-trace ../test-results/forms-fixed-Form-Testing---75fe0-tactDialog-Form-on-Homepage-Mobile-Safari-retry1/trace.zip

    ────────────────────────────────────────────────────────────────────────────────────────────────
]]>
</failure>
<system-out>
<![CDATA[
[[ATTACHMENT|forms-fixed-Form-Testing---75fe0-tactDialog-Form-on-Homepage-Mobile-Safari-retry1/trace.zip]]
]]>
</system-out>
</testcase>
<testcase name="Form Testing - Fixed Selectors and Timeouts › 2. HealthcareMarketing.tsx - Industry-Specific › Healthcare ContactDialog with Industry Business Types" classname="forms-fixed.spec.ts" time="0.009">
<failure message="forms-fixed.spec.ts:206:5 Healthcare ContactDialog with Industry Business Types" type="FAILURE">
<![CDATA[  [Mobile Safari] › forms-fixed.spec.ts:206:5 › Form Testing - Fixed Selectors and Timeouts › 2. HealthcareMarketing.tsx - Industry-Specific › Healthcare ContactDialog with Industry Business Types 

    Error: browserType.launch: 
    ╔══════════════════════════════════════════════════════╗
    ║ Host system is missing dependencies to run browsers. ║
    ║ Missing libraries:                                   ║
    ║     libgtk-4.so.1                                    ║
    ║     libgraphene-1.0.so.0                             ║
    ║     libxslt.so.1                                     ║
    ║     libwoff2dec.so.1.0.2                             ║
    ║     libvpx.so.9                                      ║
    ║     libevent-2.1.so.7                                ║
    ║     libopus.so.0                                     ║
    ║     libgstallocators-1.0.so.0                        ║
    ║     libgstapp-1.0.so.0                               ║
    ║     libgstpbutils-1.0.so.0                           ║
    ║     libgstaudio-1.0.so.0                             ║
    ║     libgsttag-1.0.so.0                               ║
    ║     libgstvideo-1.0.so.0                             ║
    ║     libgstgl-1.0.so.0                                ║
    ║     libgstcodecparsers-1.0.so.0                      ║
    ║     libgstfft-1.0.so.0                               ║
    ║     libflite.so.1                                    ║
    ║     libflite_usenglish.so.1                          ║
    ║     libflite_cmu_grapheme_lang.so.1                  ║
    ║     libflite_cmu_grapheme_lex.so.1                   ║
    ║     libflite_cmu_indic_lang.so.1                     ║
    ║     libflite_cmu_indic_lex.so.1                      ║
    ║     libflite_cmulex.so.1                             ║
    ║     libflite_cmu_time_awb.so.1                       ║
    ║     libflite_cmu_us_awb.so.1                         ║
    ║     libflite_cmu_us_kal16.so.1                       ║
    ║     libflite_cmu_us_kal.so.1                         ║
    ║     libflite_cmu_us_rms.so.1                         ║
    ║     libflite_cmu_us_slt.so.1                         ║
    ║     libwebpdemux.so.2                                ║
    ║     libavif.so.16                                    ║
    ║     libharfbuzz-icu.so.0                             ║
    ║     libwebpmux.so.3                                  ║
    ║     libenchant-2.so.2                                ║
    ║     libsecret-1.so.0                                 ║
    ║     libhyphen.so.0                                   ║
    ║     libmanette-0.2.so.0                              ║
    ║     libx264.so                                       ║
    ╚══════════════════════════════════════════════════════╝

    Retry #1 ───────────────────────────────────────────────────────────────────────────────────────

    Error: browserType.launch: 
    ╔══════════════════════════════════════════════════════╗
    ║ Host system is missing dependencies to run browsers. ║
    ║ Missing libraries:                                   ║
    ║     libgtk-4.so.1                                    ║
    ║     libgraphene-1.0.so.0                             ║
    ║     libxslt.so.1                                     ║
    ║     libwoff2dec.so.1.0.2                             ║
    ║     libvpx.so.9                                      ║
    ║     libevent-2.1.so.7                                ║
    ║     libopus.so.0                                     ║
    ║     libgstallocators-1.0.so.0                        ║
    ║     libgstapp-1.0.so.0                               ║
    ║     libgstpbutils-1.0.so.0                           ║
    ║     libgstaudio-1.0.so.0                             ║
    ║     libgsttag-1.0.so.0                               ║
    ║     libgstvideo-1.0.so.0                             ║
    ║     libgstgl-1.0.so.0                                ║
    ║     libgstcodecparsers-1.0.so.0                      ║
    ║     libgstfft-1.0.so.0                               ║
    ║     libflite.so.1                                    ║
    ║     libflite_usenglish.so.1                          ║
    ║     libflite_cmu_grapheme_lang.so.1                  ║
    ║     libflite_cmu_grapheme_lex.so.1                   ║
    ║     libflite_cmu_indic_lang.so.1                     ║
    ║     libflite_cmu_indic_lex.so.1                      ║
    ║     libflite_cmulex.so.1                             ║
    ║     libflite_cmu_time_awb.so.1                       ║
    ║     libflite_cmu_us_awb.so.1                         ║
    ║     libflite_cmu_us_kal16.so.1                       ║
    ║     libflite_cmu_us_kal.so.1                         ║
    ║     libflite_cmu_us_rms.so.1                         ║
    ║     libflite_cmu_us_slt.so.1                         ║
    ║     libwebpdemux.so.2                                ║
    ║     libavif.so.16                                    ║
    ║     libharfbuzz-icu.so.0                             ║
    ║     libwebpmux.so.3                                  ║
    ║     libenchant-2.so.2                                ║
    ║     libsecret-1.so.0                                 ║
    ║     libhyphen.so.0                                   ║
    ║     libmanette-0.2.so.0                              ║
    ║     libx264.so                                       ║
    ╚══════════════════════════════════════════════════════╝

    attachment #1: trace (application/zip) ─────────────────────────────────────────────────────────
    ../test-results/forms-fixed-Form-Testing---b8aa1-ith-Industry-Business-Types-Mobile-Safari-retry1/trace.zip
    Usage:

        npx playwright show-trace ../test-results/forms-fixed-Form-Testing---b8aa1-ith-Industry-Business-Types-Mobile-Safari-retry1/trace.zip

    ────────────────────────────────────────────────────────────────────────────────────────────────
]]>
</failure>
<system-out>
<![CDATA[
[[ATTACHMENT|forms-fixed-Form-Testing---b8aa1-ith-Industry-Business-Types-Mobile-Safari-retry1/trace.zip]]
]]>
</system-out>
</testcase>
<testcase name="Form Testing - Fixed Selectors and Timeouts › 3. About.tsx - Custom Form › About Page Custom Form" classname="forms-fixed.spec.ts" time="0.008">
<failure message="forms-fixed.spec.ts:244:5 About Page Custom Form" type="FAILURE">
<![CDATA[  [Mobile Safari] › forms-fixed.spec.ts:244:5 › Form Testing - Fixed Selectors and Timeouts › 3. About.tsx - Custom Form › About Page Custom Form 

    Error: browserType.launch: 
    ╔══════════════════════════════════════════════════════╗
    ║ Host system is missing dependencies to run browsers. ║
    ║ Missing libraries:                                   ║
    ║     libgtk-4.so.1                                    ║
    ║     libgraphene-1.0.so.0                             ║
    ║     libxslt.so.1                                     ║
    ║     libwoff2dec.so.1.0.2                             ║
    ║     libvpx.so.9                                      ║
    ║     libevent-2.1.so.7                                ║
    ║     libopus.so.0                                     ║
    ║     libgstallocators-1.0.so.0                        ║
    ║     libgstapp-1.0.so.0                               ║
    ║     libgstpbutils-1.0.so.0                           ║
    ║     libgstaudio-1.0.so.0                             ║
    ║     libgsttag-1.0.so.0                               ║
    ║     libgstvideo-1.0.so.0                             ║
    ║     libgstgl-1.0.so.0                                ║
    ║     libgstcodecparsers-1.0.so.0                      ║
    ║     libgstfft-1.0.so.0                               ║
    ║     libflite.so.1                                    ║
    ║     libflite_usenglish.so.1                          ║
    ║     libflite_cmu_grapheme_lang.so.1                  ║
    ║     libflite_cmu_grapheme_lex.so.1                   ║
    ║     libflite_cmu_indic_lang.so.1                     ║
    ║     libflite_cmu_indic_lex.so.1                      ║
    ║     libflite_cmulex.so.1                             ║
    ║     libflite_cmu_time_awb.so.1                       ║
    ║     libflite_cmu_us_awb.so.1                         ║
    ║     libflite_cmu_us_kal16.so.1                       ║
    ║     libflite_cmu_us_kal.so.1                         ║
    ║     libflite_cmu_us_rms.so.1                         ║
    ║     libflite_cmu_us_slt.so.1                         ║
    ║     libwebpdemux.so.2                                ║
    ║     libavif.so.16                                    ║
    ║     libharfbuzz-icu.so.0                             ║
    ║     libwebpmux.so.3                                  ║
    ║     libenchant-2.so.2                                ║
    ║     libsecret-1.so.0                                 ║
    ║     libhyphen.so.0                                   ║
    ║     libmanette-0.2.so.0                              ║
    ║     libx264.so                                       ║
    ╚══════════════════════════════════════════════════════╝

    Retry #1 ───────────────────────────────────────────────────────────────────────────────────────

    Error: browserType.launch: 
    ╔══════════════════════════════════════════════════════╗
    ║ Host system is missing dependencies to run browsers. ║
    ║ Missing libraries:                                   ║
    ║     libgtk-4.so.1                                    ║
    ║     libgraphene-1.0.so.0                             ║
    ║     libxslt.so.1                                     ║
    ║     libwoff2dec.so.1.0.2                             ║
    ║     libvpx.so.9                                      ║
    ║     libevent-2.1.so.7                                ║
    ║     libopus.so.0                                     ║
    ║     libgstallocators-1.0.so.0                        ║
    ║     libgstapp-1.0.so.0                               ║
    ║     libgstpbutils-1.0.so.0                           ║
    ║     libgstaudio-1.0.so.0                             ║
    ║     libgsttag-1.0.so.0                               ║
    ║     libgstvideo-1.0.so.0                             ║
    ║     libgstgl-1.0.so.0                                ║
    ║     libgstcodecparsers-1.0.so.0                      ║
    ║     libgstfft-1.0.so.0                               ║
    ║     libflite.so.1                                    ║
    ║     libflite_usenglish.so.1                          ║
    ║     libflite_cmu_grapheme_lang.so.1                  ║
    ║     libflite_cmu_grapheme_lex.so.1                   ║
    ║     libflite_cmu_indic_lang.so.1                     ║
    ║     libflite_cmu_indic_lex.so.1                      ║
    ║     libflite_cmulex.so.1                             ║
    ║     libflite_cmu_time_awb.so.1                       ║
    ║     libflite_cmu_us_awb.so.1                         ║
    ║     libflite_cmu_us_kal16.so.1                       ║
    ║     libflite_cmu_us_kal.so.1                         ║
    ║     libflite_cmu_us_rms.so.1                         ║
    ║     libflite_cmu_us_slt.so.1                         ║
    ║     libwebpdemux.so.2                                ║
    ║     libavif.so.16                                    ║
    ║     libharfbuzz-icu.so.0                             ║
    ║     libwebpmux.so.3                                  ║
    ║     libenchant-2.so.2                                ║
    ║     libsecret-1.so.0                                 ║
    ║     libhyphen.so.0                                   ║
    ║     libmanette-0.2.so.0                              ║
    ║     libx264.so                                       ║
    ╚══════════════════════════════════════════════════════╝

    attachment #1: trace (application/zip) ─────────────────────────────────────────────────────────
    ../test-results/forms-fixed-Form-Testing---26419-Form-About-Page-Custom-Form-Mobile-Safari-retry1/trace.zip
    Usage:

        npx playwright show-trace ../test-results/forms-fixed-Form-Testing---26419-Form-About-Page-Custom-Form-Mobile-Safari-retry1/trace.zip

    ────────────────────────────────────────────────────────────────────────────────────────────────
]]>
</failure>
<system-out>
<![CDATA[
[[ATTACHMENT|forms-fixed-Form-Testing---26419-Form-About-Page-Custom-Form-Mobile-Safari-retry1/trace.zip]]
]]>
</system-out>
</testcase>
<testcase name="Form Testing - Fixed Selectors and Timeouts › 4. LocalSEO.tsx - Hybrid Page › LocalSEO ContactDialog" classname="forms-fixed.spec.ts" time="0.008">
<failure message="forms-fixed.spec.ts:271:5 LocalSEO ContactDialog" type="FAILURE">
<![CDATA[  [Mobile Safari] › forms-fixed.spec.ts:271:5 › Form Testing - Fixed Selectors and Timeouts › 4. LocalSEO.tsx - Hybrid Page › LocalSEO ContactDialog 

    Error: browserType.launch: 
    ╔══════════════════════════════════════════════════════╗
    ║ Host system is missing dependencies to run browsers. ║
    ║ Missing libraries:                                   ║
    ║     libgtk-4.so.1                                    ║
    ║     libgraphene-1.0.so.0                             ║
    ║     libxslt.so.1                                     ║
    ║     libwoff2dec.so.1.0.2                             ║
    ║     libvpx.so.9                                      ║
    ║     libevent-2.1.so.7                                ║
    ║     libopus.so.0                                     ║
    ║     libgstallocators-1.0.so.0                        ║
    ║     libgstapp-1.0.so.0                               ║
    ║     libgstpbutils-1.0.so.0                           ║
    ║     libgstaudio-1.0.so.0                             ║
    ║     libgsttag-1.0.so.0                               ║
    ║     libgstvideo-1.0.so.0                             ║
    ║     libgstgl-1.0.so.0                                ║
    ║     libgstcodecparsers-1.0.so.0                      ║
    ║     libgstfft-1.0.so.0                               ║
    ║     libflite.so.1                                    ║
    ║     libflite_usenglish.so.1                          ║
    ║     libflite_cmu_grapheme_lang.so.1                  ║
    ║     libflite_cmu_grapheme_lex.so.1                   ║
    ║     libflite_cmu_indic_lang.so.1                     ║
    ║     libflite_cmu_indic_lex.so.1                      ║
    ║     libflite_cmulex.so.1                             ║
    ║     libflite_cmu_time_awb.so.1                       ║
    ║     libflite_cmu_us_awb.so.1                         ║
    ║     libflite_cmu_us_kal16.so.1                       ║
    ║     libflite_cmu_us_kal.so.1                         ║
    ║     libflite_cmu_us_rms.so.1                         ║
    ║     libflite_cmu_us_slt.so.1                         ║
    ║     libwebpdemux.so.2                                ║
    ║     libavif.so.16                                    ║
    ║     libharfbuzz-icu.so.0                             ║
    ║     libwebpmux.so.3                                  ║
    ║     libenchant-2.so.2                                ║
    ║     libsecret-1.so.0                                 ║
    ║     libhyphen.so.0                                   ║
    ║     libmanette-0.2.so.0                              ║
    ║     libx264.so                                       ║
    ╚══════════════════════════════════════════════════════╝

    Retry #1 ───────────────────────────────────────────────────────────────────────────────────────

    Error: browserType.launch: 
    ╔══════════════════════════════════════════════════════╗
    ║ Host system is missing dependencies to run browsers. ║
    ║ Missing libraries:                                   ║
    ║     libgtk-4.so.1                                    ║
    ║     libgraphene-1.0.so.0                             ║
    ║     libxslt.so.1                                     ║
    ║     libwoff2dec.so.1.0.2                             ║
    ║     libvpx.so.9                                      ║
    ║     libevent-2.1.so.7                                ║
    ║     libopus.so.0                                     ║
    ║     libgstallocators-1.0.so.0                        ║
    ║     libgstapp-1.0.so.0                               ║
    ║     libgstpbutils-1.0.so.0                           ║
    ║     libgstaudio-1.0.so.0                             ║
    ║     libgsttag-1.0.so.0                               ║
    ║     libgstvideo-1.0.so.0                             ║
    ║     libgstgl-1.0.so.0                                ║
    ║     libgstcodecparsers-1.0.so.0                      ║
    ║     libgstfft-1.0.so.0                               ║
    ║     libflite.so.1                                    ║
    ║     libflite_usenglish.so.1                          ║
    ║     libflite_cmu_grapheme_lang.so.1                  ║
    ║     libflite_cmu_grapheme_lex.so.1                   ║
    ║     libflite_cmu_indic_lang.so.1                     ║
    ║     libflite_cmu_indic_lex.so.1                      ║
    ║     libflite_cmulex.so.1                             ║
    ║     libflite_cmu_time_awb.so.1                       ║
    ║     libflite_cmu_us_awb.so.1                         ║
    ║     libflite_cmu_us_kal16.so.1                       ║
    ║     libflite_cmu_us_kal.so.1                         ║
    ║     libflite_cmu_us_rms.so.1                         ║
    ║     libflite_cmu_us_slt.so.1                         ║
    ║     libwebpdemux.so.2                                ║
    ║     libavif.so.16                                    ║
    ║     libharfbuzz-icu.so.0                             ║
    ║     libwebpmux.so.3                                  ║
    ║     libenchant-2.so.2                                ║
    ║     libsecret-1.so.0                                 ║
    ║     libhyphen.so.0                                   ║
    ║     libmanette-0.2.so.0                              ║
    ║     libx264.so                                       ║
    ╚══════════════════════════════════════════════════════╝

    attachment #1: trace (application/zip) ─────────────────────────────────────────────────────────
    ../test-results/forms-fixed-Form-Testing---1f349-Page-LocalSEO-ContactDialog-Mobile-Safari-retry1/trace.zip
    Usage:

        npx playwright show-trace ../test-results/forms-fixed-Form-Testing---1f349-Page-LocalSEO-ContactDialog-Mobile-Safari-retry1/trace.zip

    ────────────────────────────────────────────────────────────────────────────────────────────────
]]>
</failure>
<system-out>
<![CDATA[
[[ATTACHMENT|forms-fixed-Form-Testing---1f349-Page-LocalSEO-ContactDialog-Mobile-Safari-retry1/trace.zip]]
]]>
</system-out>
</testcase>
<testcase name="Form Testing - Fixed Selectors and Timeouts › 5. Contact.tsx - Standard ContactDialog › Contact Page Standard Form" classname="forms-fixed.spec.ts" time="0.007">
<failure message="forms-fixed.spec.ts:306:5 Contact Page Standard Form" type="FAILURE">
<![CDATA[  [Mobile Safari] › forms-fixed.spec.ts:306:5 › Form Testing - Fixed Selectors and Timeouts › 5. Contact.tsx - Standard ContactDialog › Contact Page Standard Form 

    Error: browserType.launch: 
    ╔══════════════════════════════════════════════════════╗
    ║ Host system is missing dependencies to run browsers. ║
    ║ Missing libraries:                                   ║
    ║     libgtk-4.so.1                                    ║
    ║     libgraphene-1.0.so.0                             ║
    ║     libxslt.so.1                                     ║
    ║     libwoff2dec.so.1.0.2                             ║
    ║     libvpx.so.9                                      ║
    ║     libevent-2.1.so.7                                ║
    ║     libopus.so.0                                     ║
    ║     libgstallocators-1.0.so.0                        ║
    ║     libgstapp-1.0.so.0                               ║
    ║     libgstpbutils-1.0.so.0                           ║
    ║     libgstaudio-1.0.so.0                             ║
    ║     libgsttag-1.0.so.0                               ║
    ║     libgstvideo-1.0.so.0                             ║
    ║     libgstgl-1.0.so.0                                ║
    ║     libgstcodecparsers-1.0.so.0                      ║
    ║     libgstfft-1.0.so.0                               ║
    ║     libflite.so.1                                    ║
    ║     libflite_usenglish.so.1                          ║
    ║     libflite_cmu_grapheme_lang.so.1                  ║
    ║     libflite_cmu_grapheme_lex.so.1                   ║
    ║     libflite_cmu_indic_lang.so.1                     ║
    ║     libflite_cmu_indic_lex.so.1                      ║
    ║     libflite_cmulex.so.1                             ║
    ║     libflite_cmu_time_awb.so.1                       ║
    ║     libflite_cmu_us_awb.so.1                         ║
    ║     libflite_cmu_us_kal16.so.1                       ║
    ║     libflite_cmu_us_kal.so.1                         ║
    ║     libflite_cmu_us_rms.so.1                         ║
    ║     libflite_cmu_us_slt.so.1                         ║
    ║     libwebpdemux.so.2                                ║
    ║     libavif.so.16                                    ║
    ║     libharfbuzz-icu.so.0                             ║
    ║     libwebpmux.so.3                                  ║
    ║     libenchant-2.so.2                                ║
    ║     libsecret-1.so.0                                 ║
    ║     libhyphen.so.0                                   ║
    ║     libmanette-0.2.so.0                              ║
    ║     libx264.so                                       ║
    ╚══════════════════════════════════════════════════════╝

    Retry #1 ───────────────────────────────────────────────────────────────────────────────────────

    Error: browserType.launch: 
    ╔══════════════════════════════════════════════════════╗
    ║ Host system is missing dependencies to run browsers. ║
    ║ Missing libraries:                                   ║
    ║     libgtk-4.so.1                                    ║
    ║     libgraphene-1.0.so.0                             ║
    ║     libxslt.so.1                                     ║
    ║     libwoff2dec.so.1.0.2                             ║
    ║     libvpx.so.9                                      ║
    ║     libevent-2.1.so.7                                ║
    ║     libopus.so.0                                     ║
    ║     libgstallocators-1.0.so.0                        ║
    ║     libgstapp-1.0.so.0                               ║
    ║     libgstpbutils-1.0.so.0                           ║
    ║     libgstaudio-1.0.so.0                             ║
    ║     libgsttag-1.0.so.0                               ║
    ║     libgstvideo-1.0.so.0                             ║
    ║     libgstgl-1.0.so.0                                ║
    ║     libgstcodecparsers-1.0.so.0                      ║
    ║     libgstfft-1.0.so.0                               ║
    ║     libflite.so.1                                    ║
    ║     libflite_usenglish.so.1                          ║
    ║     libflite_cmu_grapheme_lang.so.1                  ║
    ║     libflite_cmu_grapheme_lex.so.1                   ║
    ║     libflite_cmu_indic_lang.so.1                     ║
    ║     libflite_cmu_indic_lex.so.1                      ║
    ║     libflite_cmulex.so.1                             ║
    ║     libflite_cmu_time_awb.so.1                       ║
    ║     libflite_cmu_us_awb.so.1                         ║
    ║     libflite_cmu_us_kal16.so.1                       ║
    ║     libflite_cmu_us_kal.so.1                         ║
    ║     libflite_cmu_us_rms.so.1                         ║
    ║     libflite_cmu_us_slt.so.1                         ║
    ║     libwebpdemux.so.2                                ║
    ║     libavif.so.16                                    ║
    ║     libharfbuzz-icu.so.0                             ║
    ║     libwebpmux.so.3                                  ║
    ║     libenchant-2.so.2                                ║
    ║     libsecret-1.so.0                                 ║
    ║     libhyphen.so.0                                   ║
    ║     libmanette-0.2.so.0                              ║
    ║     libx264.so                                       ║
    ╚══════════════════════════════════════════════════════╝

    attachment #1: trace (application/zip) ─────────────────────────────────────────────────────────
    ../test-results/forms-fixed-Form-Testing---9d296--Contact-Page-Standard-Form-Mobile-Safari-retry1/trace.zip
    Usage:

        npx playwright show-trace ../test-results/forms-fixed-Form-Testing---9d296--Contact-Page-Standard-Form-Mobile-Safari-retry1/trace.zip

    ────────────────────────────────────────────────────────────────────────────────────────────────
]]>
</failure>
<system-out>
<![CDATA[
[[ATTACHMENT|forms-fixed-Form-Testing---9d296--Contact-Page-Standard-Form-Mobile-Safari-retry1/trace.zip]]
]]>
</system-out>
</testcase>
<testcase name="Form Testing - Fixed Selectors and Timeouts › Error Handling and Edge Cases › Form Submission Error Handling" classname="forms-fixed.spec.ts" time="0.006">
<failure message="forms-fixed.spec.ts:353:5 Form Submission Error Handling" type="FAILURE">
<![CDATA[  [Mobile Safari] › forms-fixed.spec.ts:353:5 › Form Testing - Fixed Selectors and Timeouts › Error Handling and Edge Cases › Form Submission Error Handling 

    Error: browserType.launch: 
    ╔══════════════════════════════════════════════════════╗
    ║ Host system is missing dependencies to run browsers. ║
    ║ Missing libraries:                                   ║
    ║     libgtk-4.so.1                                    ║
    ║     libgraphene-1.0.so.0                             ║
    ║     libxslt.so.1                                     ║
    ║     libwoff2dec.so.1.0.2                             ║
    ║     libvpx.so.9                                      ║
    ║     libevent-2.1.so.7                                ║
    ║     libopus.so.0                                     ║
    ║     libgstallocators-1.0.so.0                        ║
    ║     libgstapp-1.0.so.0                               ║
    ║     libgstpbutils-1.0.so.0                           ║
    ║     libgstaudio-1.0.so.0                             ║
    ║     libgsttag-1.0.so.0                               ║
    ║     libgstvideo-1.0.so.0                             ║
    ║     libgstgl-1.0.so.0                                ║
    ║     libgstcodecparsers-1.0.so.0                      ║
    ║     libgstfft-1.0.so.0                               ║
    ║     libflite.so.1                                    ║
    ║     libflite_usenglish.so.1                          ║
    ║     libflite_cmu_grapheme_lang.so.1                  ║
    ║     libflite_cmu_grapheme_lex.so.1                   ║
    ║     libflite_cmu_indic_lang.so.1                     ║
    ║     libflite_cmu_indic_lex.so.1                      ║
    ║     libflite_cmulex.so.1                             ║
    ║     libflite_cmu_time_awb.so.1                       ║
    ║     libflite_cmu_us_awb.so.1                         ║
    ║     libflite_cmu_us_kal16.so.1                       ║
    ║     libflite_cmu_us_kal.so.1                         ║
    ║     libflite_cmu_us_rms.so.1                         ║
    ║     libflite_cmu_us_slt.so.1                         ║
    ║     libwebpdemux.so.2                                ║
    ║     libavif.so.16                                    ║
    ║     libharfbuzz-icu.so.0                             ║
    ║     libwebpmux.so.3                                  ║
    ║     libenchant-2.so.2                                ║
    ║     libsecret-1.so.0                                 ║
    ║     libhyphen.so.0                                   ║
    ║     libmanette-0.2.so.0                              ║
    ║     libx264.so                                       ║
    ╚══════════════════════════════════════════════════════╝

    Retry #1 ───────────────────────────────────────────────────────────────────────────────────────

    Error: browserType.launch: 
    ╔══════════════════════════════════════════════════════╗
    ║ Host system is missing dependencies to run browsers. ║
    ║ Missing libraries:                                   ║
    ║     libgtk-4.so.1                                    ║
    ║     libgraphene-1.0.so.0                             ║
    ║     libxslt.so.1                                     ║
    ║     libwoff2dec.so.1.0.2                             ║
    ║     libvpx.so.9                                      ║
    ║     libevent-2.1.so.7                                ║
    ║     libopus.so.0                                     ║
    ║     libgstallocators-1.0.so.0                        ║
    ║     libgstapp-1.0.so.0                               ║
    ║     libgstpbutils-1.0.so.0                           ║
    ║     libgstaudio-1.0.so.0                             ║
    ║     libgsttag-1.0.so.0                               ║
    ║     libgstvideo-1.0.so.0                             ║
    ║     libgstgl-1.0.so.0                                ║
    ║     libgstcodecparsers-1.0.so.0                      ║
    ║     libgstfft-1.0.so.0                               ║
    ║     libflite.so.1                                    ║
    ║     libflite_usenglish.so.1                          ║
    ║     libflite_cmu_grapheme_lang.so.1                  ║
    ║     libflite_cmu_grapheme_lex.so.1                   ║
    ║     libflite_cmu_indic_lang.so.1                     ║
    ║     libflite_cmu_indic_lex.so.1                      ║
    ║     libflite_cmulex.so.1                             ║
    ║     libflite_cmu_time_awb.so.1                       ║
    ║     libflite_cmu_us_awb.so.1                         ║
    ║     libflite_cmu_us_kal16.so.1                       ║
    ║     libflite_cmu_us_kal.so.1                         ║
    ║     libflite_cmu_us_rms.so.1                         ║
    ║     libflite_cmu_us_slt.so.1                         ║
    ║     libwebpdemux.so.2                                ║
    ║     libavif.so.16                                    ║
    ║     libharfbuzz-icu.so.0                             ║
    ║     libwebpmux.so.3                                  ║
    ║     libenchant-2.so.2                                ║
    ║     libsecret-1.so.0                                 ║
    ║     libhyphen.so.0                                   ║
    ║     libmanette-0.2.so.0                              ║
    ║     libx264.so                                       ║
    ╚══════════════════════════════════════════════════════╝

    attachment #1: trace (application/zip) ─────────────────────────────────────────────────────────
    ../test-results/forms-fixed-Form-Testing---128d6-m-Submission-Error-Handling-Mobile-Safari-retry1/trace.zip
    Usage:

        npx playwright show-trace ../test-results/forms-fixed-Form-Testing---128d6-m-Submission-Error-Handling-Mobile-Safari-retry1/trace.zip

    ────────────────────────────────────────────────────────────────────────────────────────────────
]]>
</failure>
<system-out>
<![CDATA[
[[ATTACHMENT|forms-fixed-Form-Testing---128d6-m-Submission-Error-Handling-Mobile-Safari-retry1/trace.zip]]
]]>
</system-out>
</testcase>
</testsuite>
</testsuites>